Archive member included because of file (symbol)

c:/program files (x86)/atmel/atmel toolchain/arm gcc/native/4.8.1443/arm-gnu-toolchain/bin/../lib/gcc/arm-none-eabi/4.8.4/../../../../arm-none-eabi/lib/armv7-m\libc.a(lib_a-exit.o)
                              c:/program files (x86)/atmel/atmel toolchain/arm gcc/native/4.8.1443/arm-gnu-toolchain/bin/../lib/gcc/arm-none-eabi/4.8.4/../../../../arm-none-eabi/lib/armv7-m/crt0.o (exit)
c:/program files (x86)/atmel/atmel toolchain/arm gcc/native/4.8.1443/arm-gnu-toolchain/bin/../lib/gcc/arm-none-eabi/4.8.4/../../../../arm-none-eabi/lib/armv7-m\libc.a(lib_a-fprintf.o)
                              src/matlab.o (fprintf)
c:/program files (x86)/atmel/atmel toolchain/arm gcc/native/4.8.1443/arm-gnu-toolchain/bin/../lib/gcc/arm-none-eabi/4.8.4/../../../../arm-none-eabi/lib/armv7-m\libc.a(lib_a-impure.o)
                              c:/program files (x86)/atmel/atmel toolchain/arm gcc/native/4.8.1443/arm-gnu-toolchain/bin/../lib/gcc/arm-none-eabi/4.8.4/../../../../arm-none-eabi/lib/armv7-m\libc.a(lib_a-exit.o) (_global_impure_ptr)
c:/program files (x86)/atmel/atmel toolchain/arm gcc/native/4.8.1443/arm-gnu-toolchain/bin/../lib/gcc/arm-none-eabi/4.8.4/../../../../arm-none-eabi/lib/armv7-m\libc.a(lib_a-init.o)
                              c:/program files (x86)/atmel/atmel toolchain/arm gcc/native/4.8.1443/arm-gnu-toolchain/bin/../lib/gcc/arm-none-eabi/4.8.4/../../../../arm-none-eabi/lib/armv7-m/crt0.o (__libc_init_array)
c:/program files (x86)/atmel/atmel toolchain/arm gcc/native/4.8.1443/arm-gnu-toolchain/bin/../lib/gcc/arm-none-eabi/4.8.4/../../../../arm-none-eabi/lib/armv7-m\libc.a(lib_a-iprintf.o)
                              src/ASF/sam/drivers/adc/adc.o (iprintf)
c:/program files (x86)/atmel/atmel toolchain/arm gcc/native/4.8.1443/arm-gnu-toolchain/bin/../lib/gcc/arm-none-eabi/4.8.4/../../../../arm-none-eabi/lib/armv7-m\libc.a(lib_a-memcpy.o)
                              src/ASF/thirdparty/freertos/freertos-7.3.0/source/queue.o (memcpy)
c:/program files (x86)/atmel/atmel toolchain/arm gcc/native/4.8.1443/arm-gnu-toolchain/bin/../lib/gcc/arm-none-eabi/4.8.4/../../../../arm-none-eabi/lib/armv7-m\libc.a(lib_a-memset.o)
                              c:/program files (x86)/atmel/atmel toolchain/arm gcc/native/4.8.1443/arm-gnu-toolchain/bin/../lib/gcc/arm-none-eabi/4.8.4/../../../../arm-none-eabi/lib/armv7-m/crt0.o (memset)
c:/program files (x86)/atmel/atmel toolchain/arm gcc/native/4.8.1443/arm-gnu-toolchain/bin/../lib/gcc/arm-none-eabi/4.8.4/../../../../arm-none-eabi/lib/armv7-m\libc.a(lib_a-puts.o)
                              src/ASF/sam/drivers/adc/adc.o (puts)
c:/program files (x86)/atmel/atmel toolchain/arm gcc/native/4.8.1443/arm-gnu-toolchain/bin/../lib/gcc/arm-none-eabi/4.8.4/../../../../arm-none-eabi/lib/armv7-m\libc.a(lib_a-setbuf.o)
                              src/ASF/thirdparty/wireless/addons/sio2host/uart/sio2host.o (setbuf)
c:/program files (x86)/atmel/atmel toolchain/arm gcc/native/4.8.1443/arm-gnu-toolchain/bin/../lib/gcc/arm-none-eabi/4.8.4/../../../../arm-none-eabi/lib/armv7-m\libc.a(lib_a-setvbuf.o)
                              c:/program files (x86)/atmel/atmel toolchain/arm gcc/native/4.8.1443/arm-gnu-toolchain/bin/../lib/gcc/arm-none-eabi/4.8.4/../../../../arm-none-eabi/lib/armv7-m\libc.a(lib_a-setbuf.o) (setvbuf)
c:/program files (x86)/atmel/atmel toolchain/arm gcc/native/4.8.1443/arm-gnu-toolchain/bin/../lib/gcc/arm-none-eabi/4.8.4/../../../../arm-none-eabi/lib/armv7-m\libc.a(lib_a-sprintf.o)
                              src/ASF/thirdparty/freertos/freertos-7.3.0/source/tasks.o (sprintf)
c:/program files (x86)/atmel/atmel toolchain/arm gcc/native/4.8.1443/arm-gnu-toolchain/bin/../lib/gcc/arm-none-eabi/4.8.4/../../../../arm-none-eabi/lib/armv7-m\libc.a(lib_a-strcat.o)
                              src/ASF/thirdparty/freertos/freertos-7.3.0/source/tasks.o (strcat)
c:/program files (x86)/atmel/atmel toolchain/arm gcc/native/4.8.1443/arm-gnu-toolchain/bin/../lib/gcc/arm-none-eabi/4.8.4/../../../../arm-none-eabi/lib/armv7-m\libc.a(lib_a-strcpy.o)
                              c:/program files (x86)/atmel/atmel toolchain/arm gcc/native/4.8.1443/arm-gnu-toolchain/bin/../lib/gcc/arm-none-eabi/4.8.4/../../../../arm-none-eabi/lib/armv7-m\libc.a(lib_a-strcat.o) (strcpy)
c:/program files (x86)/atmel/atmel toolchain/arm gcc/native/4.8.1443/arm-gnu-toolchain/bin/../lib/gcc/arm-none-eabi/4.8.4/../../../../arm-none-eabi/lib/armv7-m\libc.a(lib_a-strlen.o)
                              src/ASF/thirdparty/freertos/freertos-7.3.0/source/FreeRTOS_CLI.o (strlen)
c:/program files (x86)/atmel/atmel toolchain/arm gcc/native/4.8.1443/arm-gnu-toolchain/bin/../lib/gcc/arm-none-eabi/4.8.4/../../../../arm-none-eabi/lib/armv7-m\libc.a(lib_a-strncmp.o)
                              src/ASF/thirdparty/freertos/freertos-7.3.0/source/FreeRTOS_CLI.o (strncmp)
[...]
Memory Configuration

Name             Origin             Length             Attributes
rom              0x00080000         0x00080000         xr
sram0            0x20000000         0x00010000         xrw
sram1            0x20080000         0x00008000         xrw
ram              0x20070000         0x00018000         xrw
*default*        0x00000000         0xffffffff

Linker script and memory map

LOAD c:/program files (x86)/atmel/atmel toolchain/arm gcc/native/4.8.1443/arm-gnu-toolchain/bin/../lib/gcc/arm-none-eabi/4.8.4/armv7-m/crti.o
LOAD c:/program files (x86)/atmel/atmel toolchain/arm gcc/native/4.8.1443/arm-gnu-toolchain/bin/../lib/gcc/arm-none-eabi/4.8.4/armv7-m/crtbegin.o
LOAD c:/program files (x86)/atmel/atmel toolchain/arm gcc/native/4.8.1443/arm-gnu-toolchain/bin/../lib/gcc/arm-none-eabi/4.8.4/../../../../arm-none-eabi/lib/armv7-m/crt0.o
LOAD src/ASF/common/services/serial/usart_serial.o
LOAD src/ASF/common/utils/stdio/read.o
LOAD src/ASF/common/utils/stdio/write.o
LOAD src/ASF/sam/drivers/adc/adc.o
LOAD src/ASF/sam/drivers/adc/adc_sam3u.o
LOAD src/ASF/sam/drivers/dacc/dacc.o
LOAD src/ASF/sam/drivers/tc/tc.o
LOAD src/ASF/sam/drivers/uart/uart.o
LOAD src/ASF/sam/drivers/usart/usart.o
LOAD src/ASF/thirdparty/freertos/freertos-7.3.0/source/FreeRTOS_CLI.o
LOAD src/ASF/thirdparty/freertos/freertos-7.3.0/source/list.o
LOAD src/ASF/thirdparty/freertos/freertos-7.3.0/source/portable/gcc/arm_cm3/port.o
LOAD src/ASF/thirdparty/freertos/freertos-7.3.0/source/portable/memmang/heap_4.o
LOAD src/ASF/thirdparty/freertos/freertos-7.3.0/source/queue.o
LOAD src/ASF/thirdparty/freertos/freertos-7.3.0/source/tasks.o
LOAD src/ASF/thirdparty/freertos/freertos-7.3.0/source/timers.o
LOAD src/ASF/thirdparty/wireless/addons/sio2host/uart/sio2host.o
LOAD src/adcFunctions.o
LOAD src/io_uart.o
LOAD src/PID.o
LOAD src/consoleFunctions.o
LOAD src/DAC.o
LOAD src/delayFunctions.o
LOAD src/ASF/common/services/clock/sam3x/sysclk.o
LOAD src/ASF/common/utils/interrupt/interrupt_sam_nvic.o
LOAD src/ASF/sam/boards/arduino_due_x/init.o
LOAD src/ASF/sam/drivers/pio/pio.o
LOAD src/ASF/sam/drivers/pio/pio_handler.o
LOAD src/ASF/sam/drivers/pmc/pmc.o
LOAD src/ASF/sam/drivers/pmc/sleep.o
LOAD src/ASF/sam/utils/cmsis/sam3x/source/templates/exceptions.o
LOAD src/ASF/sam/utils/cmsis/sam3x/source/templates/gcc/startup_sam3x.o
LOAD src/ASF/sam/utils/cmsis/sam3x/source/templates/system_sam3x.o
LOAD src/ASF/sam/utils/syscalls/gcc/syscalls.o
LOAD src/initComponents.o
LOAD src/matlab.o
LOAD src/main.o
START GROUP
LOAD ../src/ASF/thirdparty/CMSIS/Lib/GCC\libarm_cortexM3l_math.a
LOAD c:/program files (x86)/atmel/atmel toolchain/arm gcc/native/4.8.1443/arm-gnu-toolchain/bin/../lib/gcc/arm-none-eabi/4.8.4/../../../../arm-none-eabi/lib/armv7-m\libm.a
END GROUP
START GROUP
LOAD c:/program files (x86)/atmel/atmel toolchain/arm gcc/native/4.8.1443/arm-gnu-toolchain/bin/../lib/gcc/arm-none-eabi/4.8.4/armv7-m\libgcc.a
LOAD c:/program files (x86)/atmel/atmel toolchain/arm gcc/native/4.8.1443/arm-gnu-toolchain/bin/../lib/gcc/arm-none-eabi/4.8.4/../../../../arm-none-eabi/lib/armv7-m\libc.a
END GROUP
LOAD c:/program files (x86)/atmel/atmel toolchain/arm gcc/native/4.8.1443/arm-gnu-toolchain/bin/../lib/gcc/arm-none-eabi/4.8.4/armv7-m/crtend.o
LOAD c:/program files (x86)/atmel/atmel toolchain/arm gcc/native/4.8.1443/arm-gnu-toolchain/bin/../lib/gcc/arm-none-eabi/4.8.4/armv7-m/crtn.o
                0x00002000                __stack_size__ = DEFINED (__stack_size__)?__stack_size__:0x2000
                0x20087ffc                __ram_end__ = ((ORIGIN (ram) + 0x18000) - 0x4)

.text           0x00080000     0x4230
                0x00080000                . = ALIGN (0x4)
                0x00080000                _sfixed = .
 *(.vectors .vectors.*)
 .vectors       0x00080000       0xf4 src/ASF/sam/utils/cmsis/sam3x/source/templates/gcc/startup_sam3x.o
                0x00080000                exception_table
 *(.text .text.* .gnu.linkonce.t.*)
 .text          0x000800f4       0x54 c:/program files (x86)/atmel/atmel toolchain/arm gcc/native/4.8.1443/arm-gnu-toolchain/bin/../lib/gcc/arm-none-eabi/4.8.4/armv7-m/crtbegin.o
 .text.usart_serial_read_packet
                0x00080148       0xc4 src/ASF/common/services/serial/usart_serial.o
                0x00080148                usart_serial_read_packet
 .text._read    0x0008020c       0x40 src/ASF/common/utils/stdio/read.o
                0x0008020c                _read
 .text._write   0x0008024c       0x54 src/ASF/common/utils/stdio/write.o
                0x0008024c                _write
 .text.adc_init
                0x000802a0       0x34 src/ASF/sam/drivers/adc/adc.o
                0x000802a0                adc_init
 .text.adc_set_resolution
                0x000802d4       0x10 src/ASF/sam/drivers/adc/adc.o
                0x000802d4                adc_set_resolution
 .text.adc_configure_trigger
                0x000802e4       0x10 src/ASF/sam/drivers/adc/adc.o
                0x000802e4                adc_configure_trigger
 .text.adc_configure_timing
                0x000802f4       0x20 src/ASF/sam/drivers/adc/adc.o
                0x000802f4                adc_configure_timing
 .text.adc_start
                0x00080314        0x8 src/ASF/sam/drivers/adc/adc.o
                0x00080314                adc_start
 .text.adc_enable_channel
                0x0008031c        0xc src/ASF/sam/drivers/adc/adc.o
                0x0008031c                adc_enable_channel
 .text.adc_get_channel_value
                0x00080328       0x10 src/ASF/sam/drivers/adc/adc.o
                0x00080328                adc_get_channel_value
 .text.dacc_reset
                0x00080338        0x8 src/ASF/sam/drivers/dacc/dacc.o
                0x00080338                dacc_reset
 .text.dacc_set_transfer_mode
                0x00080340       0x18 src/ASF/sam/drivers/dacc/dacc.o
                0x00080340                dacc_set_transfer_mode
 .text.dacc_set_channel_selection
                0x00080358       0x18 src/ASF/sam/drivers/dacc/dacc.o
                0x00080358                dacc_set_channel_selection
 .text.dacc_set_timing
                0x00080370       0x30 src/ASF/sam/drivers/dacc/dacc.o
                0x00080370                dacc_set_timing
 .text.dacc_enable_channel
                0x000803a0       0x14 src/ASF/sam/drivers/dacc/dacc.o
                0x000803a0                dacc_enable_channel
 .text.tc_init  0x000803b4       0x1c src/ASF/sam/drivers/tc/tc.o
                0x000803b4                tc_init
 .text.tc_set_block_mode
                0x000803d0        0x8 src/ASF/sam/drivers/tc/tc.o
                0x000803d0                tc_set_block_mode
 .text.tc_start
                0x000803d8        0x8 src/ASF/sam/drivers/tc/tc.o
                0x000803d8                tc_start
 .text.tc_stop  0x000803e0        0x8 src/ASF/sam/drivers/tc/tc.o
                0x000803e0                tc_stop
 .text.tc_read_cv
                0x000803e8        0x8 src/ASF/sam/drivers/tc/tc.o
                0x000803e8                tc_read_cv
 .text.uart_init
                0x000803f0       0x38 src/ASF/sam/drivers/uart/uart.o
                0x000803f0                uart_init
 .text.uart_write
                0x00080428       0x10 src/ASF/sam/drivers/uart/uart.o
                0x00080428                uart_write
 .text.uart_read
                0x00080438       0x14 src/ASF/sam/drivers/uart/uart.o
                0x00080438                uart_read
 .text.usart_write
                0x0008044c       0x14 src/ASF/sam/drivers/usart/usart.o
                0x0008044c                usart_write
 .text.usart_read
                0x00080460       0x18 src/ASF/sam/drivers/usart/usart.o
                0x00080460                usart_read
 .text.vListInsertEnd
                0x00080478       0x1c src/ASF/thirdparty/freertos/freertos-7.3.0/source/list.o
                0x00080478                vListInsertEnd
 .text.uxListRemove
                0x00080494       0x28 src/ASF/thirdparty/freertos/freertos-7.3.0/source/list.o
                0x00080494                uxListRemove
 .text.SVC_Handler
                0x000804bc       0x20 src/ASF/thirdparty/freertos/freertos-7.3.0/source/portable/gcc/arm_cm3/port.o
                0x000804bc                SVC_Handler
 .text.ulPortSetInterruptMask
                0x000804dc       0x10 src/ASF/thirdparty/freertos/freertos-7.3.0/source/portable/gcc/arm_cm3/port.o
                0x000804dc                ulPortSetInterruptMask
 .text.vPortClearInterruptMask
                0x000804ec        0x8 src/ASF/thirdparty/freertos/freertos-7.3.0/source/portable/gcc/arm_cm3/port.o
                0x000804ec                vPortClearInterruptMask
 .text.PendSV_Handler
                0x000804f4       0x3c src/ASF/thirdparty/freertos/freertos-7.3.0/source/portable/gcc/arm_cm3/port.o
                0x000804f4                PendSV_Handler
 .text.SysTick_Handler
                0x00080530       0x2c src/ASF/thirdparty/freertos/freertos-7.3.0/source/portable/gcc/arm_cm3/port.o
                0x00080530                SysTick_Handler
 .text.vTaskIncrementTick
                0x0008055c      0x12c src/ASF/thirdparty/freertos/freertos-7.3.0/source/tasks.o
                0x0008055c                vTaskIncrementTick
 .text.vTaskSwitchContext
                0x00080688       0x90 src/ASF/thirdparty/freertos/freertos-7.3.0/source/tasks.o
                0x00080688                vTaskSwitchContext
 .text.USART0_Handler
                0x00080718       0x60 src/ASF/thirdparty/wireless/addons/sio2host/uart/sio2host.o
                0x00080718                USART0_Handler
 .text.analogInit
                0x00080778       0x70 src/adcFunctions.o
                0x00080778                analogInit
 .text.analogRead
                0x000807e8       0x34 src/adcFunctions.o
                0x000807e8                analogRead
 .text.usart_serial_getchar
                0x0008081c       0xa8 src/consoleFunctions.o
 .text.usart_serial_putchar
                0x000808c4       0xa8 src/consoleFunctions.o
 .text.configureConsole
                0x0008096c       0x80 src/consoleFunctions.o
                0x0008096c                configureConsole
 .text.daccInit
                0x000809ec       0x54 src/DAC.o
                0x000809ec                daccInit
 .text.delayInit
                0x00080a40       0x3c src/delayFunctions.o
                0x00080a40                delayInit
 .text.delayMicroseconds
                0x00080a7c       0x3c src/delayFunctions.o
                0x00080a7c                delayMicroseconds
 .text.sysclk_init
                0x00080ab8       0x64 src/ASF/common/services/clock/sam3x/sysclk.o
                0x00080ab8                sysclk_init
 .text.board_init
                0x00080b1c       0x80 src/ASF/sam/boards/arduino_due_x/init.o
                0x00080b1c                board_init
 .text.pio_set_peripheral
                0x00080b9c       0x40 src/ASF/sam/drivers/pio/pio.o
                0x00080b9c                pio_set_peripheral
 .text.pio_set_input
                0x00080bdc       0x34 src/ASF/sam/drivers/pio/pio.o
                0x00080bdc                pio_set_input
 .text.pio_set_output
                0x00080c10       0x28 src/ASF/sam/drivers/pio/pio.o
                0x00080c10                pio_set_output
 .text.pio_get_interrupt_status
                0x00080c38        0x4 src/ASF/sam/drivers/pio/pio.o
                0x00080c38                pio_get_interrupt_status
 .text.pio_get_interrupt_mask
                0x00080c3c        0x4 src/ASF/sam/drivers/pio/pio.o
                0x00080c3c                pio_get_interrupt_mask
 .text.pio_configure_pin
                0x00080c40       0xd4 src/ASF/sam/drivers/pio/pio.o
                0x00080c40                pio_configure_pin
 .text.pio_configure_pin_group
                0x00080d14       0xa0 src/ASF/sam/drivers/pio/pio.o
                0x00080d14                pio_configure_pin_group
 .text.pio_handler_process
                0x00080db4       0x58 src/ASF/sam/drivers/pio/pio_handler.o
                0x00080db4                pio_handler_process
 .text.PIOA_Handler
                0x00080e0c       0x14 src/ASF/sam/drivers/pio/pio_handler.o
                0x00080e0c                PIOA_Handler
 .text.PIOB_Handler
                0x00080e20       0x14 src/ASF/sam/drivers/pio/pio_handler.o
                0x00080e20                PIOB_Handler
 .text.PIOC_Handler
                0x00080e34       0x14 src/ASF/sam/drivers/pio/pio_handler.o
                0x00080e34                PIOC_Handler
 .text.PIOD_Handler
                0x00080e48       0x14 src/ASF/sam/drivers/pio/pio_handler.o
                0x00080e48                PIOD_Handler
 .text.pmc_switch_mck_to_pllack
                0x00080e5c       0x64 src/ASF/sam/drivers/pmc/pmc.o
                0x00080e5c                pmc_switch_mck_to_pllack
 .text.pmc_switch_mainck_to_xtal
                0x00080ec0       0x54 src/ASF/sam/drivers/pmc/pmc.o
                0x00080ec0                pmc_switch_mainck_to_xtal
 .text.pmc_osc_is_ready_mainck
                0x00080f14       0x10 src/ASF/sam/drivers/pmc/pmc.o
                0x00080f14                pmc_osc_is_ready_mainck
 .text.pmc_disable_pllack
                0x00080f24       0x10 src/ASF/sam/drivers/pmc/pmc.o
                0x00080f24                pmc_disable_pllack
 .text.pmc_is_locked_pllack
                0x00080f34       0x10 src/ASF/sam/drivers/pmc/pmc.o
                0x00080f34                pmc_is_locked_pllack
 .text.pmc_enable_periph_clk
                0x00080f44       0x58 src/ASF/sam/drivers/pmc/pmc.o
                0x00080f44                pmc_enable_periph_clk
 .text.Dummy_Handler
                0x00080f9c        0x4 src/ASF/sam/utils/cmsis/sam3x/source/templates/exceptions.o
                0x00080f9c                DACC_Handler
                0x00080f9c                DebugMon_Handler
                0x00080f9c                DMAC_Handler
                0x00080f9c                TRNG_Handler
                0x00080f9c                HardFault_Handler
                0x00080f9c                TC2_Handler
                0x00080f9c                USART3_Handler
                0x00080f9c                TWI1_Handler
                0x00080f9c                NMI_Handler
                0x00080f9c                TC7_Handler
                0x00080f9c                ADC_Handler
                0x00080f9c                SMC_Handler
                0x00080f9c                RTT_Handler
                0x00080f9c                EFC1_Handler
                0x00080f9c                RTC_Handler
                0x00080f9c                UsageFault_Handler
                0x00080f9c                TC6_Handler
                0x00080f9c                WDT_Handler
                0x00080f9c                CAN0_Handler
                0x00080f9c                TC4_Handler
                0x00080f9c                TC1_Handler
                0x00080f9c                HSMCI_Handler
                0x00080f9c                TC3_Handler
                0x00080f9c                Dummy_Handler
                0x00080f9c                TWI0_Handler
                0x00080f9c                USART1_Handler
                0x00080f9c                SSC_Handler
                0x00080f9c                EFC0_Handler
                0x00080f9c                PMC_Handler
                0x00080f9c                PWM_Handler
                0x00080f9c                CAN1_Handler
                0x00080f9c                MemManage_Handler
                0x00080f9c                SUPC_Handler
                0x00080f9c                TC8_Handler
                0x00080f9c                USART2_Handler
                0x00080f9c                EMAC_Handler
                0x00080f9c                UART_Handler
                0x00080f9c                BusFault_Handler
                0x00080f9c                RSTC_Handler
                0x00080f9c                TC0_Handler
                0x00080f9c                TC5_Handler
                0x00080f9c                UOTGHS_Handler
                0x00080f9c                SPI0_Handler
 .text.Reset_Handler
                0x00080fa0       0xb0 src/ASF/sam/utils/cmsis/sam3x/source/templates/gcc/startup_sam3x.o
                0x00080fa0                Reset_Handler
 .text.SystemCoreClockUpdate
                0x00081050      0x11c src/ASF/sam/utils/cmsis/sam3x/source/templates/system_sam3x.o
                0x00081050                SystemCoreClockUpdate
 .text._sbrk    0x0008116c       0x34 src/ASF/sam/utils/syscalls/gcc/syscalls.o
                0x0008116c                _sbrk
 .text._close   0x000811a0        0x8 src/ASF/sam/utils/syscalls/gcc/syscalls.o
                0x000811a0                _close
 .text._fstat   0x000811a8        0xc src/ASF/sam/utils/syscalls/gcc/syscalls.o
                0x000811a8                _fstat
 .text._isatty  0x000811b4        0x4 src/ASF/sam/utils/syscalls/gcc/syscalls.o
                0x000811b4                _isatty
 .text._lseek   0x000811b8        0x4 src/ASF/sam/utils/syscalls/gcc/syscalls.o
                0x000811b8                _lseek
 .text.main     0x000811bc       0x60 src/main.o
                0x000811bc                main
 .text.__libc_init_array
                0x0008121c       0x50 c:/program files (x86)/atmel/atmel toolchain/arm gcc/native/4.8.1443/arm-gnu-toolchain/bin/../lib/gcc/arm-none-eabi/4.8.4/../../../../arm-none-eabi/lib/armv7-m\libc.a(lib_a-init.o)
                0x0008121c                __libc_init_array
 .text.iprintf  0x0008126c       0x28 c:/program files (x86)/atmel/atmel toolchain/arm gcc/native/4.8.1443/arm-gnu-toolchain/bin/../lib/gcc/arm-none-eabi/4.8.4/../../../../arm-none-eabi/lib/armv7-m\libc.a(lib_a-iprintf.o)
                0x0008126c                iprintf
 .text          0x00081294       0xec c:/program files (x86)/atmel/atmel toolchain/arm gcc/native/4.8.1443/arm-gnu-toolchain/bin/../lib/gcc/arm-none-eabi/4.8.4/../../../../arm-none-eabi/lib/armv7-m\libc.a(lib_a-memcpy.o)
                0x00081294                memcpy
 .text.memset   0x00081380       0x94 c:/program files (x86)/atmel/atmel toolchain/arm gcc/native/4.8.1443/arm-gnu-toolchain/bin/../lib/gcc/arm-none-eabi/4.8.4/../../../../arm-none-eabi/lib/armv7-m\libc.a(lib_a-memset.o)
                0x00081380                memset
 .text.setbuf   0x00081414       0x10 c:/program files (x86)/atmel/atmel toolchain/arm gcc/native/4.8.1443/arm-gnu-toolchain/bin/../lib/gcc/arm-none-eabi/4.8.4/../../../../arm-none-eabi/lib/armv7-m\libc.a(lib_a-setbuf.o)
                0x00081414                setbuf
 .text.setvbuf  0x00081424      0x100 c:/program files (x86)/atmel/atmel toolchain/arm gcc/native/4.8.1443/arm-gnu-toolchain/bin/../lib/gcc/arm-none-eabi/4.8.4/../../../../arm-none-eabi/lib/armv7-m\libc.a(lib_a-setvbuf.o)
                0x00081424                setvbuf
 .text.strlen   0x00081524       0x60 c:/program files (x86)/atmel/atmel toolchain/arm gcc/native/4.8.1443/arm-gnu-toolchain/bin/../lib/gcc/arm-none-eabi/4.8.4/../../../../arm-none-eabi/lib/armv7-m\libc.a(lib_a-strlen.o)
                0x00081524                strlen
 .text.__sprint_r.part.0
                0x00081584       0x78 c:/program files (x86)/atmel/atmel toolchain/arm gcc/native/4.8.1443/arm-gnu-toolchain/bin/../lib/gcc/arm-none-eabi/4.8.4/../../../../arm-none-eabi/lib/armv7-m\libc.a(lib_a-vfiprintf.o)
 .text._vfiprintf_r
                0x000815fc      0xc54 c:/program files (x86)/atmel/atmel toolchain/arm gcc/native/4.8.1443/arm-gnu-toolchain/bin/../lib/gcc/arm-none-eabi/4.8.4/../../../../arm-none-eabi/lib/armv7-m\libc.a(lib_a-vfiprintf.o)
                0x000815fc                _vfiprintf_r
 .text.__sbprintf
                0x00082250       0x7c c:/program files (x86)/atmel/atmel toolchain/arm gcc/native/4.8.1443/arm-gnu-toolchain/bin/../lib/gcc/arm-none-eabi/4.8.4/../../../../arm-none-eabi/lib/armv7-m\libc.a(lib_a-vfiprintf.o)
 .text.__swsetup_r
                0x000822cc       0xc4 c:/program files (x86)/atmel/atmel toolchain/arm gcc/native/4.8.1443/arm-gnu-toolchain/bin/../lib/gcc/arm-none-eabi/4.8.4/../../../../arm-none-eabi/lib/armv7-m\libc.a(lib_a-wsetup.o)
                0x000822cc                __swsetup_r
 .text.startup.register_fini
                0x00082390       0x14 c:/program files (x86)/atmel/atmel toolchain/arm gcc/native/4.8.1443/arm-gnu-toolchain/bin/../lib/gcc/arm-none-eabi/4.8.4/../../../../arm-none-eabi/lib/armv7-m\libc.a(lib_a-__call_atexit.o)
 .text.atexit   0x000823a4        0xc c:/program files (x86)/atmel/atmel toolchain/arm gcc/native/4.8.1443/arm-gnu-toolchain/bin/../lib/gcc/arm-none-eabi/4.8.4/../../../../arm-none-eabi/lib/armv7-m\libc.a(lib_a-atexit.o)
                0x000823a4                atexit
 .text.__sflush_r
                0x000823b0      0x148 c:/program files (x86)/atmel/atmel toolchain/arm gcc/native/4.8.1443/arm-gnu-toolchain/bin/../lib/gcc/arm-none-eabi/4.8.4/../../../../arm-none-eabi/lib/armv7-m\libc.a(lib_a-fflush.o)
                0x000823b0                __sflush_r
 .text._fflush_r
                0x000824f8       0x2c c:/program files (x86)/atmel/atmel toolchain/arm gcc/native/4.8.1443/arm-gnu-toolchain/bin/../lib/gcc/arm-none-eabi/4.8.4/../../../../arm-none-eabi/lib/armv7-m\libc.a(lib_a-fflush.o)
                0x000824f8                _fflush_r
 .text._cleanup_r
                0x00082524        0xc c:/program files (x86)/atmel/atmel toolchain/arm gcc/native/4.8.1443/arm-gnu-toolchain/bin/../lib/gcc/arm-none-eabi/4.8.4/../../../../arm-none-eabi/lib/armv7-m\libc.a(lib_a-findfp.o)
                0x00082524                _cleanup_r
 .text.__sinit  0x00082530       0xf4 c:/program files (x86)/atmel/atmel toolchain/arm gcc/native/4.8.1443/arm-gnu-toolchain/bin/../lib/gcc/arm-none-eabi/4.8.4/../../../../arm-none-eabi/lib/armv7-m\libc.a(lib_a-findfp.o)
                0x00082530                __sinit
 .text.__sfp_lock_acquire
                0x00082624        0x4 c:/program files (x86)/atmel/atmel toolchain/arm gcc/native/4.8.1443/arm-gnu-toolchain/bin/../lib/gcc/arm-none-eabi/4.8.4/../../../../arm-none-eabi/lib/armv7-m\libc.a(lib_a-findfp.o)
                0x00082624                __sfp_lock_acquire
 .text.__sfp_lock_release
                0x00082628        0x4 c:/program files (x86)/atmel/atmel toolchain/arm gcc/native/4.8.1443/arm-gnu-toolchain/bin/../lib/gcc/arm-none-eabi/4.8.4/../../../../arm-none-eabi/lib/armv7-m\libc.a(lib_a-findfp.o)
                0x00082628                __sfp_lock_release
 .text.__libc_fini_array
                0x0008262c       0x30 c:/program files (x86)/atmel/atmel toolchain/arm gcc/native/4.8.1443/arm-gnu-toolchain/bin/../lib/gcc/arm-none-eabi/4.8.4/../../../../arm-none-eabi/lib/armv7-m\libc.a(lib_a-fini.o)
                0x0008262c                __libc_fini_array
 .text._fputwc_r
                0x0008265c       0xc0 c:/program files (x86)/atmel/atmel toolchain/arm gcc/native/4.8.1443/arm-gnu-toolchain/bin/../lib/gcc/arm-none-eabi/4.8.4/../../../../arm-none-eabi/lib/armv7-m\libc.a(lib_a-fputwc.o)
                0x0008265c                _fputwc_r
 .text._malloc_trim_r
                0x0008271c       0x9c c:/program files (x86)/atmel/atmel toolchain/arm gcc/native/4.8.1443/arm-gnu-toolchain/bin/../lib/gcc/arm-none-eabi/4.8.4/../../../../arm-none-eabi/lib/armv7-m\libc.a(lib_a-freer.o)
                0x0008271c                _malloc_trim_r
 .text._free_r  0x000827b8      0x198 c:/program files (x86)/atmel/atmel toolchain/arm gcc/native/4.8.1443/arm-gnu-toolchain/bin/../lib/gcc/arm-none-eabi/4.8.4/../../../../arm-none-eabi/lib/armv7-m\libc.a(lib_a-freer.o)
                0x000827b8                _free_r
 .text.__sfvwrite_r
                0x00082950      0x318 c:/program files (x86)/atmel/atmel toolchain/arm gcc/native/4.8.1443/arm-gnu-toolchain/bin/../lib/gcc/arm-none-eabi/4.8.4/../../../../arm-none-eabi/lib/armv7-m\libc.a(lib_a-fvwrite.o)
                0x00082950                __sfvwrite_r
 .text._fwalk   0x00082c68       0x48 c:/program files (x86)/atmel/atmel toolchain/arm gcc/native/4.8.1443/arm-gnu-toolchain/bin/../lib/gcc/arm-none-eabi/4.8.4/../../../../arm-none-eabi/lib/armv7-m\libc.a(lib_a-fwalk.o)
                0x00082c68                _fwalk
 .text.__locale_charset
                0x00082cb0        0x8 c:/program files (x86)/atmel/atmel toolchain/arm gcc/native/4.8.1443/arm-gnu-toolchain/bin/../lib/gcc/arm-none-eabi/4.8.4/../../../../arm-none-eabi/lib/armv7-m\libc.a(lib_a-locale.o)
                0x00082cb0                __locale_charset
 .text.__locale_mb_cur_max
                0x00082cb8        0xc c:/program files (x86)/atmel/atmel toolchain/arm gcc/native/4.8.1443/arm-gnu-toolchain/bin/../lib/gcc/arm-none-eabi/4.8.4/../../../../arm-none-eabi/lib/armv7-m\libc.a(lib_a-locale.o)
                0x00082cb8                __locale_mb_cur_max
 .text.__smakebuf_r
                0x00082cc4       0xe0 c:/program files (x86)/atmel/atmel toolchain/arm gcc/native/4.8.1443/arm-gnu-toolchain/bin/../lib/gcc/arm-none-eabi/4.8.4/../../../../arm-none-eabi/lib/armv7-m\libc.a(lib_a-makebuf.o)
                0x00082cc4                __smakebuf_r
 .text.malloc   0x00082da4       0x10 c:/program files (x86)/atmel/atmel toolchain/arm gcc/native/4.8.1443/arm-gnu-toolchain/bin/../lib/gcc/arm-none-eabi/4.8.4/../../../../arm-none-eabi/lib/armv7-m\libc.a(lib_a-malloc.o)
                0x00082da4                malloc
 .text._malloc_r
                0x00082db4      0x538 c:/program files (x86)/atmel/atmel toolchain/arm gcc/native/4.8.1443/arm-gnu-toolchain/bin/../lib/gcc/arm-none-eabi/4.8.4/../../../../arm-none-eabi/lib/armv7-m\libc.a(lib_a-mallocr.o)
                0x00082db4                _malloc_r
 .text.memchr   0x000832ec       0x94 c:/program files (x86)/atmel/atmel toolchain/arm gcc/native/4.8.1443/arm-gnu-toolchain/bin/../lib/gcc/arm-none-eabi/4.8.4/../../../../arm-none-eabi/lib/armv7-m\libc.a(lib_a-memchr-stub.o)
                0x000832ec                memchr
 .text.memmove  0x00083380       0xcc c:/program files (x86)/atmel/atmel toolchain/arm gcc/native/4.8.1443/arm-gnu-toolchain/bin/../lib/gcc/arm-none-eabi/4.8.4/../../../../arm-none-eabi/lib/armv7-m\libc.a(lib_a-memmove.o)
                0x00083380                memmove
 .text.__malloc_lock
                0x0008344c        0x4 c:/program files (x86)/atmel/atmel toolchain/arm gcc/native/4.8.1443/arm-gnu-toolchain/bin/../lib/gcc/arm-none-eabi/4.8.4/../../../../arm-none-eabi/lib/armv7-m\libc.a(lib_a-mlock.o)
                0x0008344c                __malloc_lock
 .text.__malloc_unlock
                0x00083450        0x4 c:/program files (x86)/atmel/atmel toolchain/arm gcc/native/4.8.1443/arm-gnu-toolchain/bin/../lib/gcc/arm-none-eabi/4.8.4/../../../../arm-none-eabi/lib/armv7-m\libc.a(lib_a-mlock.o)
                0x00083450                __malloc_unlock
 .text._realloc_r
                0x00083454      0x3c0 c:/program files (x86)/atmel/atmel toolchain/arm gcc/native/4.8.1443/arm-gnu-toolchain/bin/../lib/gcc/arm-none-eabi/4.8.4/../../../../arm-none-eabi/lib/armv7-m\libc.a(lib_a-reallocr.o)
                0x00083454                _realloc_r
 .text._sbrk_r  0x00083814       0x24 c:/program files (x86)/atmel/atmel toolchain/arm gcc/native/4.8.1443/arm-gnu-toolchain/bin/../lib/gcc/arm-none-eabi/4.8.4/../../../../arm-none-eabi/lib/armv7-m\libc.a(lib_a-sbrkr.o)
                0x00083814                _sbrk_r
 .text.__sread  0x00083838       0x24 c:/program files (x86)/atmel/atmel toolchain/arm gcc/native/4.8.1443/arm-gnu-toolchain/bin/../lib/gcc/arm-none-eabi/4.8.4/../../../../arm-none-eabi/lib/armv7-m\libc.a(lib_a-stdio.o)
                0x00083838                __sread
 .text.__swrite
                0x0008385c       0x38 c:/program files (x86)/atmel/atmel toolchain/arm gcc/native/4.8.1443/arm-gnu-toolchain/bin/../lib/gcc/arm-none-eabi/4.8.4/../../../../arm-none-eabi/lib/armv7-m\libc.a(lib_a-stdio.o)
                0x0008385c                __swrite
 .text.__sseek  0x00083894       0x20 c:/program files (x86)/atmel/atmel toolchain/arm gcc/native/4.8.1443/arm-gnu-toolchain/bin/../lib/gcc/arm-none-eabi/4.8.4/../../../../arm-none-eabi/lib/armv7-m\libc.a(lib_a-stdio.o)
                0x00083894                __sseek
 .text.__sclose
                0x000838b4        0x8 c:/program files (x86)/atmel/atmel toolchain/arm gcc/native/4.8.1443/arm-gnu-toolchain/bin/../lib/gcc/arm-none-eabi/4.8.4/../../../../arm-none-eabi/lib/armv7-m\libc.a(lib_a-stdio.o)
                0x000838b4                __sclose
 .text.__swbuf_r
                0x000838bc       0xa8 c:/program files (x86)/atmel/atmel toolchain/arm gcc/native/4.8.1443/arm-gnu-toolchain/bin/../lib/gcc/arm-none-eabi/4.8.4/../../../../arm-none-eabi/lib/armv7-m\libc.a(lib_a-wbuf.o)
                0x000838bc                __swbuf_r
 .text._wcrtomb_r
                0x00083964       0x50 c:/program files (x86)/atmel/atmel toolchain/arm gcc/native/4.8.1443/arm-gnu-toolchain/bin/../lib/gcc/arm-none-eabi/4.8.4/../../../../arm-none-eabi/lib/armv7-m\libc.a(lib_a-wcrtomb.o)
                0x00083964                _wcrtomb_r
 .text.__ascii_wctomb
                0x000839b4       0x1c c:/program files (x86)/atmel/atmel toolchain/arm gcc/native/4.8.1443/arm-gnu-toolchain/bin/../lib/gcc/arm-none-eabi/4.8.4/../../../../arm-none-eabi/lib/armv7-m\libc.a(lib_a-wctomb_r.o)
                0x000839b4                __ascii_wctomb
 .text._write_r
                0x000839d0       0x28 c:/program files (x86)/atmel/atmel toolchain/arm gcc/native/4.8.1443/arm-gnu-toolchain/bin/../lib/gcc/arm-none-eabi/4.8.4/../../../../arm-none-eabi/lib/armv7-m\libc.a(lib_a-writer.o)
                0x000839d0                _write_r
 .text.__register_exitproc
                0x000839f8       0xa8 c:/program files (x86)/atmel/atmel toolchain/arm gcc/native/4.8.1443/arm-gnu-toolchain/bin/../lib/gcc/arm-none-eabi/4.8.4/../../../../arm-none-eabi/lib/armv7-m\libc.a(lib_a-__atexit.o)
                0x000839f8                __register_exitproc
 .text._close_r
                0x00083aa0       0x24 c:/program files (x86)/atmel/atmel toolchain/arm gcc/native/4.8.1443/arm-gnu-toolchain/bin/../lib/gcc/arm-none-eabi/4.8.4/../../../../arm-none-eabi/lib/armv7-m\libc.a(lib_a-closer.o)
                0x00083aa0                _close_r
 .text._fclose_r
                0x00083ac4       0x80 c:/program files (x86)/atmel/atmel toolchain/arm gcc/native/4.8.1443/arm-gnu-toolchain/bin/../lib/gcc/arm-none-eabi/4.8.4/../../../../arm-none-eabi/lib/armv7-m\libc.a(lib_a-fclose.o)
                0x00083ac4                _fclose_r
 .text.fclose   0x00083b44       0x10 c:/program files (x86)/atmel/atmel toolchain/arm gcc/native/4.8.1443/arm-gnu-toolchain/bin/../lib/gcc/arm-none-eabi/4.8.4/../../../../arm-none-eabi/lib/armv7-m\libc.a(lib_a-fclose.o)
                0x00083b44                fclose
 .text._fstat_r
                0x00083b54       0x28 c:/program files (x86)/atmel/atmel toolchain/arm gcc/native/4.8.1443/arm-gnu-toolchain/bin/../lib/gcc/arm-none-eabi/4.8.4/../../../../arm-none-eabi/lib/armv7-m\libc.a(lib_a-fstatr.o)
                0x00083b54                _fstat_r
 .text._isatty_r
                0x00083b7c       0x24 c:/program files (x86)/atmel/atmel toolchain/arm gcc/native/4.8.1443/arm-gnu-toolchain/bin/../lib/gcc/arm-none-eabi/4.8.4/../../../../arm-none-eabi/lib/armv7-m\libc.a(lib_a-isattyr.o)
                0x00083b7c                _isatty_r
 .text._lseek_r
                0x00083ba0       0x28 c:/program files (x86)/atmel/atmel toolchain/arm gcc/native/4.8.1443/arm-gnu-toolchain/bin/../lib/gcc/arm-none-eabi/4.8.4/../../../../arm-none-eabi/lib/armv7-m\libc.a(lib_a-lseekr.o)
                0x00083ba0                _lseek_r
 .text._read_r  0x00083bc8       0x28 c:/program files (x86)/atmel/atmel toolchain/arm gcc/native/4.8.1443/arm-gnu-toolchain/bin/../lib/gcc/arm-none-eabi/4.8.4/../../../../arm-none-eabi/lib/armv7-m\libc.a(lib_a-readr.o)
                0x00083bc8                _read_r
 .text          0x00083bf0       0x2c c:/program files (x86)/atmel/atmel toolchain/arm gcc/native/4.8.1443/arm-gnu-toolchain/bin/../lib/gcc/arm-none-eabi/4.8.4/armv7-m\libgcc.a(_aeabi_uldivmod.o)
                0x00083bf0                __aeabi_uldivmod
 .text          0x00083c1c       0x60 c:/program files (x86)/atmel/atmel toolchain/arm gcc/native/4.8.1443/arm-gnu-toolchain/bin/../lib/gcc/arm-none-eabi/4.8.4/armv7-m\libgcc.a(bpabi.o)
                0x00083c1c                __gnu_ldivmod_helper
                0x00083c4c                __gnu_uldivmod_helper
 .text          0x00083c7c        0x4 c:/program files (x86)/atmel/atmel toolchain/arm gcc/native/4.8.1443/arm-gnu-toolchain/bin/../lib/gcc/arm-none-eabi/4.8.4/armv7-m\libgcc.a(_dvmd_tls.o)
                0x00083c7c                __aeabi_idiv0
                0x00083c7c                __aeabi_ldiv0
 .text          0x00083c80      0x2a0 c:/program files (x86)/atmel/atmel toolchain/arm gcc/native/4.8.1443/arm-gnu-toolchain/bin/../lib/gcc/arm-none-eabi/4.8.4/armv7-m\libgcc.a(_divdi3.o)
                0x00083c80                __divdi3
 .text          0x00083f20      0x290 c:/program files (x86)/atmel/atmel toolchain/arm gcc/native/4.8.1443/arm-gnu-toolchain/bin/../lib/gcc/arm-none-eabi/4.8.4/armv7-m\libgcc.a(_udivdi3.o)
                0x00083f20                __udivdi3
 *(.glue_7t)
 .glue_7t       0x00000000        0x0 linker stubs
 *(.glue_7)
 .glue_7        0x00000000        0x0 linker stubs
 *(.rodata .rodata* .gnu.linkonce.r.*)
 .rodata.str1.4
                0x000841b0        0x4 src/main.o
 .rodata.str1.4
                0x000841b4        0x2 c:/program files (x86)/atmel/atmel toolchain/arm gcc/native/4.8.1443/arm-gnu-toolchain/bin/../lib/gcc/arm-none-eabi/4.8.4/../../../../arm-none-eabi/lib/armv7-m\libc.a(lib_a-impure.o)
                                  0x4 (size before relaxing)
 *fill*         0x000841b6        0x2 
 .rodata._global_impure_ptr
                0x000841b8        0x4 c:/program files (x86)/atmel/atmel toolchain/arm gcc/native/4.8.1443/arm-gnu-toolchain/bin/../lib/gcc/arm-none-eabi/4.8.4/../../../../arm-none-eabi/lib/armv7-m\libc.a(lib_a-impure.o)
                0x000841b8                _global_impure_ptr
 .rodata.str1.4
                0x000841bc       0x30 c:/program files (x86)/atmel/atmel toolchain/arm gcc/native/4.8.1443/arm-gnu-toolchain/bin/../lib/gcc/arm-none-eabi/4.8.4/../../../../arm-none-eabi/lib/armv7-m\libc.a(lib_a-vfiprintf.o)
 .rodata.zeroes.6721
                0x000841ec       0x10 c:/program files (x86)/atmel/atmel toolchain/arm gcc/native/4.8.1443/arm-gnu-toolchain/bin/../lib/gcc/arm-none-eabi/4.8.4/../../../../arm-none-eabi/lib/armv7-m\libc.a(lib_a-vfiprintf.o)
 .rodata.blanks.6720
                0x000841fc       0x10 c:/program files (x86)/atmel/atmel toolchain/arm gcc/native/4.8.1443/arm-gnu-toolchain/bin/../lib/gcc/arm-none-eabi/4.8.4/../../../../arm-none-eabi/lib/armv7-m\libc.a(lib_a-vfiprintf.o)
 *(.ARM.extab* .gnu.linkonce.armextab.*)
                0x0008420c                . = ALIGN (0x4)
 *(.init)
 .init          0x0008420c        0x4 c:/program files (x86)/atmel/atmel toolchain/arm gcc/native/4.8.1443/arm-gnu-toolchain/bin/../lib/gcc/arm-none-eabi/4.8.4/armv7-m/crti.o
                0x0008420c                _init
 .init          0x00084210        0x8 c:/program files (x86)/atmel/atmel toolchain/arm gcc/native/4.8.1443/arm-gnu-toolchain/bin/../lib/gcc/arm-none-eabi/4.8.4/armv7-m/crtn.o
                0x00084218                . = ALIGN (0x4)
                0x00084218                __preinit_array_start = .
 *(.preinit_array)
                0x00084218                __preinit_array_end = .
                0x00084218                . = ALIGN (0x4)
                0x00084218                __init_array_start = .
 *(SORT(.init_array.*))
 .init_array.00000
                0x00084218        0x4 c:/program files (x86)/atmel/atmel toolchain/arm gcc/native/4.8.1443/arm-gnu-toolchain/bin/../lib/gcc/arm-none-eabi/4.8.4/../../../../arm-none-eabi/lib/armv7-m\libc.a(lib_a-__call_atexit.o)
 *(.init_array)
 .init_array    0x0008421c        0x4 c:/program files (x86)/atmel/atmel toolchain/arm gcc/native/4.8.1443/arm-gnu-toolchain/bin/../lib/gcc/arm-none-eabi/4.8.4/armv7-m/crtbegin.o
                0x00084220                __init_array_end = .
                0x00084220                . = ALIGN (0x4)
 *crtbegin.o(.ctors)
 *(EXCLUDE_FILE(*crtend.o) .ctors)
 *(SORT(.ctors.*))
 *crtend.o(.ctors)
                0x00084220                . = ALIGN (0x4)
 *(.fini)
 .fini          0x00084220        0x4 c:/program files (x86)/atmel/atmel toolchain/arm gcc/native/4.8.1443/arm-gnu-toolchain/bin/../lib/gcc/arm-none-eabi/4.8.4/armv7-m/crti.o
                0x00084220                _fini
 .fini          0x00084224        0x8 c:/program files (x86)/atmel/atmel toolchain/arm gcc/native/4.8.1443/arm-gnu-toolchain/bin/../lib/gcc/arm-none-eabi/4.8.4/armv7-m/crtn.o
                0x0008422c                . = ALIGN (0x4)
                0x0008422c                __fini_array_start = .
 *(.fini_array)
 .fini_array    0x0008422c        0x4 c:/program files (x86)/atmel/atmel toolchain/arm gcc/native/4.8.1443/arm-gnu-toolchain/bin/../lib/gcc/arm-none-eabi/4.8.4/armv7-m/crtbegin.o
 *(SORT(.fini_array.*))
                0x00084230                __fini_array_end = .
 *crtbegin.o(.dtors)
 *(EXCLUDE_FILE(*crtend.o) .dtors)
 *(SORT(.dtors.*))
 *crtend.o(.dtors)
                0x00084230                . = ALIGN (0x4)
                0x00084230                _efixed = .
                0x00084230                PROVIDE (__exidx_start, .)

.vfp11_veneer   0x00084230        0x0
 .vfp11_veneer  0x00000000        0x0 linker stubs

.v4_bx          0x00084230        0x0
 .v4_bx         0x00000000        0x0 linker stubs

.iplt           0x00084230        0x0
 .iplt          0x00000000        0x0 c:/program files (x86)/atmel/atmel toolchain/arm gcc/native/4.8.1443/arm-gnu-toolchain/bin/../lib/gcc/arm-none-eabi/4.8.4/armv7-m/crtbegin.o

.ARM.exidx      0x00084230        0x8
 *(.ARM.exidx* .gnu.linkonce.armexidx.*)
 .ARM.exidx     0x00084230        0x8 c:/program files (x86)/atmel/atmel toolchain/arm gcc/native/4.8.1443/arm-gnu-toolchain/bin/../lib/gcc/arm-none-eabi/4.8.4/armv7-m\libgcc.a(_divdi3.o)
 .ARM.exidx     0x00084238        0x0 c:/program files (x86)/atmel/atmel toolchain/arm gcc/native/4.8.1443/arm-gnu-toolchain/bin/../lib/gcc/arm-none-eabi/4.8.4/armv7-m\libgcc.a(_udivdi3.o)
                                  0x8 (size before relaxing)
                0x00084238                PROVIDE (__exidx_end, .)

.eh_frame       0x00084238        0x0
 .eh_frame      0x00084238        0x0 c:/program files (x86)/atmel/atmel toolchain/arm gcc/native/4.8.1443/arm-gnu-toolchain/bin/../lib/gcc/arm-none-eabi/4.8.4/armv7-m/crtbegin.o

.rel.dyn        0x00084238        0x0
 .rel.iplt      0x00000000        0x0 c:/program files (x86)/atmel/atmel toolchain/arm gcc/native/4.8.1443/arm-gnu-toolchain/bin/../lib/gcc/arm-none-eabi/4.8.4/armv7-m/crtbegin.o

.jcr            0x00084238        0x0
 .jcr           0x00084238        0x0 c:/program files (x86)/atmel/atmel toolchain/arm gcc/native/4.8.1443/arm-gnu-toolchain/bin/../lib/gcc/arm-none-eabi/4.8.4/armv7-m/crtbegin.o

.igot.plt       0x00084238        0x0
 .igot.plt      0x00000000        0x0 c:/program files (x86)/atmel/atmel toolchain/arm gcc/native/4.8.1443/arm-gnu-toolchain/bin/../lib/gcc/arm-none-eabi/4.8.4/armv7-m/crtbegin.o
                0x00084238                . = ALIGN (0x4)
                0x00084238                _etext = .

.relocate       0x20070000      0x9cc load address 0x00084238
                0x20070000                . = ALIGN (0x4)
                0x20070000                _srelocate = .
 *(.ramfunc .ramfunc.*)
 .ramfunc       0x20070000      0x12c src/ASF/sam/utils/cmsis/sam3x/source/templates/system_sam3x.o
                0x20070000                SystemInit
                0x200700a4                system_init_flash
 *(.data .data.*)
 .data.xNextTaskUnblockTime
                0x2007012c        0x2 src/ASF/thirdparty/freertos/freertos-7.3.0/source/tasks.o
 *fill*         0x2007012e        0x2 
 .data.adc_Channels
                0x20070130       0x2c src/adcFunctions.o
                0x20070130                adc_Channels
 .data.g_interrupt_enabled
                0x2007015c        0x1 src/ASF/common/utils/interrupt/interrupt_sam_nvic.o
                0x2007015c                g_interrupt_enabled
 *fill*         0x2007015d        0x3 
 .data.SystemCoreClock
                0x20070160        0x4 src/ASF/sam/utils/cmsis/sam3x/source/templates/system_sam3x.o
                0x20070160                SystemCoreClock
 *fill*         0x20070164        0x4 
 .data.impure_data
                0x20070168      0x428 c:/program files (x86)/atmel/atmel toolchain/arm gcc/native/4.8.1443/arm-gnu-toolchain/bin/../lib/gcc/arm-none-eabi/4.8.4/../../../../arm-none-eabi/lib/armv7-m\libc.a(lib_a-impure.o)
 .data._impure_ptr
                0x20070590        0x4 c:/program files (x86)/atmel/atmel toolchain/arm gcc/native/4.8.1443/arm-gnu-toolchain/bin/../lib/gcc/arm-none-eabi/4.8.4/../../../../arm-none-eabi/lib/armv7-m\libc.a(lib_a-impure.o)
                0x20070590                _impure_ptr
 .data.lc_ctype_charset
                0x20070594       0x20 c:/program files (x86)/atmel/atmel toolchain/arm gcc/native/4.8.1443/arm-gnu-toolchain/bin/../lib/gcc/arm-none-eabi/4.8.4/../../../../arm-none-eabi/lib/armv7-m\libc.a(lib_a-locale.o)
 .data.__mb_cur_max
                0x200705b4        0x4 c:/program files (x86)/atmel/atmel toolchain/arm gcc/native/4.8.1443/arm-gnu-toolchain/bin/../lib/gcc/arm-none-eabi/4.8.4/../../../../arm-none-eabi/lib/armv7-m\libc.a(lib_a-locale.o)
                0x200705b4                __mb_cur_max
 .data.__malloc_av_
                0x200705b8      0x408 c:/program files (x86)/atmel/atmel toolchain/arm gcc/native/4.8.1443/arm-gnu-toolchain/bin/../lib/gcc/arm-none-eabi/4.8.4/../../../../arm-none-eabi/lib/armv7-m\libc.a(lib_a-mallocr.o)
                0x200705b8                __malloc_av_
 .data.__malloc_trim_threshold
                0x200709c0        0x4 c:/program files (x86)/atmel/atmel toolchain/arm gcc/native/4.8.1443/arm-gnu-toolchain/bin/../lib/gcc/arm-none-eabi/4.8.4/../../../../arm-none-eabi/lib/armv7-m\libc.a(lib_a-mallocr.o)
                0x200709c0                __malloc_trim_threshold
 .data.__malloc_sbrk_base
                0x200709c4        0x4 c:/program files (x86)/atmel/atmel toolchain/arm gcc/native/4.8.1443/arm-gnu-toolchain/bin/../lib/gcc/arm-none-eabi/4.8.4/../../../../arm-none-eabi/lib/armv7-m\libc.a(lib_a-mallocr.o)
                0x200709c4                __malloc_sbrk_base
 .data.__wctomb
                0x200709c8        0x4 c:/program files (x86)/atmel/atmel toolchain/arm gcc/native/4.8.1443/arm-gnu-toolchain/bin/../lib/gcc/arm-none-eabi/4.8.4/../../../../arm-none-eabi/lib/armv7-m\libc.a(lib_a-wctomb_r.o)
                0x200709c8                __wctomb
                0x200709cc                . = ALIGN (0x4)
                0x200709cc                _erelocate = .

.bss            0x200709cc      0x264 load address 0x00084c04
                0x200709cc                . = ALIGN (0x4)
                0x200709cc                _sbss = .
                0x200709cc                _szero = .
 *(.bss .bss.*)
 .bss           0x200709cc       0x1c c:/program files (x86)/atmel/atmel toolchain/arm gcc/native/4.8.1443/arm-gnu-toolchain/bin/../lib/gcc/arm-none-eabi/4.8.4/armv7-m/crtbegin.o
 .bss.uxMissedTicks
                0x200709e8        0x4 src/ASF/thirdparty/freertos/freertos-7.3.0/source/tasks.o
 .bss.pxDelayedTaskList
                0x200709ec        0x4 src/ASF/thirdparty/freertos/freertos-7.3.0/source/tasks.o
 .bss.uxTopReadyPriority
                0x200709f0        0x4 src/ASF/thirdparty/freertos/freertos-7.3.0/source/tasks.o
 .bss.pxReadyTasksLists
                0x200709f4       0xc8 src/ASF/thirdparty/freertos/freertos-7.3.0/source/tasks.o
 .bss.uxSchedulerSuspended
                0x20070abc        0x4 src/ASF/thirdparty/freertos/freertos-7.3.0/source/tasks.o
 .bss.pxCurrentTCB
                0x20070ac0        0x4 src/ASF/thirdparty/freertos/freertos-7.3.0/source/tasks.o
                0x20070ac0                pxCurrentTCB
 .bss.xNumOfOverflows
                0x20070ac4        0x4 src/ASF/thirdparty/freertos/freertos-7.3.0/source/tasks.o
 .bss.xTickCount
                0x20070ac8        0x2 src/ASF/thirdparty/freertos/freertos-7.3.0/source/tasks.o
 *fill*         0x20070aca        0x2 
 .bss.pxOverflowDelayedTaskList
                0x20070acc        0x4 src/ASF/thirdparty/freertos/freertos-7.3.0/source/tasks.o
 .bss.xMissedYield
                0x20070ad0        0x4 src/ASF/thirdparty/freertos/freertos-7.3.0/source/tasks.o
 .bss.serial_rx_buf
                0x20070ad4       0x9c src/ASF/thirdparty/wireless/addons/sio2host/uart/sio2host.o
 .bss.serial_rx_buf_tail
                0x20070b70        0x1 src/ASF/thirdparty/wireless/addons/sio2host/uart/sio2host.o
 *fill*         0x20070b71        0x3 
 .bss.gs_interrupt_sources
                0x20070b74       0x70 src/ASF/sam/drivers/pio/pio_handler.o
 .bss.heap.5098
                0x20070be4        0x4 src/ASF/sam/utils/syscalls/gcc/syscalls.o
 .bss.tempDistance
                0x20070be8        0x4 src/main.o
                0x20070be8                tempDistance
 .bss.__malloc_max_total_mem
                0x20070bec        0x4 c:/program files (x86)/atmel/atmel toolchain/arm gcc/native/4.8.1443/arm-gnu-toolchain/bin/../lib/gcc/arm-none-eabi/4.8.4/../../../../arm-none-eabi/lib/armv7-m\libc.a(lib_a-mallocr.o)
                0x20070bec                __malloc_max_total_mem
 .bss.__malloc_max_sbrked_mem
                0x20070bf0        0x4 c:/program files (x86)/atmel/atmel toolchain/arm gcc/native/4.8.1443/arm-gnu-toolchain/bin/../lib/gcc/arm-none-eabi/4.8.4/../../../../arm-none-eabi/lib/armv7-m\libc.a(lib_a-mallocr.o)
                0x20070bf0                __malloc_max_sbrked_mem
 .bss.__malloc_top_pad
                0x20070bf4        0x4 c:/program files (x86)/atmel/atmel toolchain/arm gcc/native/4.8.1443/arm-gnu-toolchain/bin/../lib/gcc/arm-none-eabi/4.8.4/../../../../arm-none-eabi/lib/armv7-m\libc.a(lib_a-mallocr.o)
                0x20070bf4                __malloc_top_pad
 .bss.__malloc_current_mallinfo
                0x20070bf8       0x28 c:/program files (x86)/atmel/atmel toolchain/arm gcc/native/4.8.1443/arm-gnu-toolchain/bin/../lib/gcc/arm-none-eabi/4.8.4/../../../../arm-none-eabi/lib/armv7-m\libc.a(lib_a-mallocr.o)
                0x20070bf8                __malloc_current_mallinfo
 *(COMMON)
 COMMON         0x20070c20        0x4 src/ASF/common/utils/stdio/read.o
                0x20070c20                ptr_get
 COMMON         0x20070c24        0x8 src/ASF/common/utils/stdio/write.o
                0x20070c24                ptr_put
                0x20070c28                stdio_base
 COMMON         0x20070c2c        0x4 c:/program files (x86)/atmel/atmel toolchain/arm gcc/native/4.8.1443/arm-gnu-toolchain/bin/../lib/gcc/arm-none-eabi/4.8.4/../../../../arm-none-eabi/lib/armv7-m\libc.a(lib_a-reent.o)
                0x20070c2c                errno
                0x20070c30                . = ALIGN (0x4)
                0x20070c30                _ebss = .
                0x20070c30                _ezero = .

.stack          0x20070c30     0x2000 load address 0x00084e68
                0x20070c30                . = ALIGN (0x8)
                0x20070c30                _sstack = .
                0x20072c30                . = (. + __stack_size__)
 *fill*         0x20070c30     0x2000 
                0x20072c30                . = ALIGN (0x8)
                0x20072c30                _estack = .
                0x20072c30                . = ALIGN (0x4)
                0x20072c30                _end = .
OUTPUT(Ping Pong Ball.elf elf32-littlearm)

.ARM.attributes
                0x00000000       0x29
 .ARM.attributes
                0x00000000       0x1d c:/program files (x86)/atmel/atmel toolchain/arm gcc/native/4.8.1443/arm-gnu-toolchain/bin/../lib/gcc/arm-none-eabi/4.8.4/armv7-m/crti.o
 .ARM.attributes
                0x0000001d       0x2d c:/program files (x86)/atmel/atmel toolchain/arm gcc/native/4.8.1443/arm-gnu-toolchain/bin/../lib/gcc/arm-none-eabi/4.8.4/armv7-m/crtbegin.o
 .ARM.attributes
                0x0000004a       0x33 src/ASF/common/services/serial/usart_serial.o
 .ARM.attributes
                0x0000007d       0x33 src/ASF/common/utils/stdio/read.o
 .ARM.attributes
                0x000000b0       0x33 src/ASF/common/utils/stdio/write.o
 .ARM.attributes
                0x000000e3       0x33 src/ASF/sam/drivers/adc/adc.o
 .ARM.attributes
                0x00000116       0x33 src/ASF/sam/drivers/dacc/dacc.o
 .ARM.attributes
                0x00000149       0x33 src/ASF/sam/drivers/tc/tc.o
 .ARM.attributes
                0x0000017c       0x33 src/ASF/sam/drivers/uart/uart.o
 .ARM.attributes
                0x000001af       0x33 src/ASF/sam/drivers/usart/usart.o
 .ARM.attributes
                0x000001e2       0x33 src/ASF/thirdparty/freertos/freertos-7.3.0/source/list.o
 .ARM.attributes
                0x00000215       0x33 src/ASF/thirdparty/freertos/freertos-7.3.0/source/portable/gcc/arm_cm3/port.o
 .ARM.attributes
                0x00000248       0x33 src/ASF/thirdparty/freertos/freertos-7.3.0/source/tasks.o
 .ARM.attributes
                0x0000027b       0x33 src/ASF/thirdparty/wireless/addons/sio2host/uart/sio2host.o
 .ARM.attributes
                0x000002ae       0x33 src/adcFunctions.o
 .ARM.attributes
                0x000002e1       0x33 src/consoleFunctions.o
 .ARM.attributes
                0x00000314       0x33 src/DAC.o
 .ARM.attributes
                0x00000347       0x33 src/delayFunctions.o
 .ARM.attributes
                0x0000037a       0x33 src/ASF/common/services/clock/sam3x/sysclk.o
 .ARM.attributes
                0x000003ad       0x33 src/ASF/common/utils/interrupt/interrupt_sam_nvic.o
 .ARM.attributes
                0x000003e0       0x33 src/ASF/sam/boards/arduino_due_x/init.o
 .ARM.attributes
                0x00000413       0x33 src/ASF/sam/drivers/pio/pio.o
 .ARM.attributes
                0x00000446       0x33 src/ASF/sam/drivers/pio/pio_handler.o
 .ARM.attributes
                0x00000479       0x33 src/ASF/sam/drivers/pmc/pmc.o
 .ARM.attributes
                0x000004ac       0x33 src/ASF/sam/utils/cmsis/sam3x/source/templates/exceptions.o
 .ARM.attributes
                0x000004df       0x33 src/ASF/sam/utils/cmsis/sam3x/source/templates/gcc/startup_sam3x.o
 .ARM.attributes
                0x00000512       0x33 src/ASF/sam/utils/cmsis/sam3x/source/templates/system_sam3x.o
 .ARM.attributes
                0x00000545       0x33 src/ASF/sam/utils/syscalls/gcc/syscalls.o
 .ARM.attributes
                0x00000578       0x33 src/main.o
 .ARM.attributes
                0x000005ab       0x2d c:/program files (x86)/atmel/atmel toolchain/arm gcc/native/4.8.1443/arm-gnu-toolchain/bin/../lib/gcc/arm-none-eabi/4.8.4/../../../../arm-none-eabi/lib/armv7-m\libc.a(lib_a-impure.o)
 .ARM.attributes
                0x000005d8       0x2d c:/program files (x86)/atmel/atmel toolchain/arm gcc/native/4.8.1443/arm-gnu-toolchain/bin/../lib/gcc/arm-none-eabi/4.8.4/../../../../arm-none-eabi/lib/armv7-m\libc.a(lib_a-init.o)
 .ARM.attributes
                0x00000605       0x2d c:/program files (x86)/atmel/atmel toolchain/arm gcc/native/4.8.1443/arm-gnu-toolchain/bin/../lib/gcc/arm-none-eabi/4.8.4/../../../../arm-none-eabi/lib/armv7-m\libc.a(lib_a-iprintf.o)
 .ARM.attributes
                0x00000632       0x1b c:/program files (x86)/atmel/atmel toolchain/arm gcc/native/4.8.1443/arm-gnu-toolchain/bin/../lib/gcc/arm-none-eabi/4.8.4/../../../../arm-none-eabi/lib/armv7-m\libc.a(lib_a-memcpy.o)
 .ARM.attributes
                0x0000064d       0x2d c:/program files (x86)/atmel/atmel toolchain/arm gcc/native/4.8.1443/arm-gnu-toolchain/bin/../lib/gcc/arm-none-eabi/4.8.4/../../../../arm-none-eabi/lib/armv7-m\libc.a(lib_a-memset.o)
 .ARM.attributes
                0x0000067a       0x2d c:/program files (x86)/atmel/atmel toolchain/arm gcc/native/4.8.1443/arm-gnu-toolchain/bin/../lib/gcc/arm-none-eabi/4.8.4/../../../../arm-none-eabi/lib/armv7-m\libc.a(lib_a-setbuf.o)
 .ARM.attributes
                0x000006a7       0x2d c:/program files (x86)/atmel/atmel toolchain/arm gcc/native/4.8.1443/arm-gnu-toolchain/bin/../lib/gcc/arm-none-eabi/4.8.4/../../../../arm-none-eabi/lib/armv7-m\libc.a(lib_a-setvbuf.o)
 .ARM.attributes
                0x000006d4       0x2d c:/program files (x86)/atmel/atmel toolchain/arm gcc/native/4.8.1443/arm-gnu-toolchain/bin/../lib/gcc/arm-none-eabi/4.8.4/../../../../arm-none-eabi/lib/armv7-m\libc.a(lib_a-strlen.o)
 .ARM.attributes
                0x00000701       0x2d c:/program files (x86)/atmel/atmel toolchain/arm gcc/native/4.8.1443/arm-gnu-toolchain/bin/../lib/gcc/arm-none-eabi/4.8.4/../../../../arm-none-eabi/lib/armv7-m\libc.a(lib_a-vfiprintf.o)
 .ARM.attributes
                0x0000072e       0x2d c:/program files (x86)/atmel/atmel toolchain/arm gcc/native/4.8.1443/arm-gnu-toolchain/bin/../lib/gcc/arm-none-eabi/4.8.4/../../../../arm-none-eabi/lib/armv7-m\libc.a(lib_a-wsetup.o)
 .ARM.attributes
                0x0000075b       0x2d c:/program files (x86)/atmel/atmel toolchain/arm gcc/native/4.8.1443/arm-gnu-toolchain/bin/../lib/gcc/arm-none-eabi/4.8.4/../../../../arm-none-eabi/lib/armv7-m\libc.a(lib_a-__call_atexit.o)
 .ARM.attributes
                0x00000788       0x2d c:/program files (x86)/atmel/atmel toolchain/arm gcc/native/4.8.1443/arm-gnu-toolchain/bin/../lib/gcc/arm-none-eabi/4.8.4/../../../../arm-none-eabi/lib/armv7-m\libc.a(lib_a-atexit.o)
 .ARM.attributes
                0x000007b5       0x2d c:/program files (x86)/atmel/atmel toolchain/arm gcc/native/4.8.1443/arm-gnu-toolchain/bin/../lib/gcc/arm-none-eabi/4.8.4/../../../../arm-none-eabi/lib/armv7-m\libc.a(lib_a-fflush.o)
 .ARM.attributes
                0x000007e2       0x2d c:/program files (x86)/atmel/atmel toolchain/arm gcc/native/4.8.1443/arm-gnu-toolchain/bin/../lib/gcc/arm-none-eabi/4.8.4/../../../../arm-none-eabi/lib/armv7-m\libc.a(lib_a-findfp.o)
 .ARM.attributes
                0x0000080f       0x2d c:/program files (x86)/atmel/atmel toolchain/arm gcc/native/4.8.1443/arm-gnu-toolchain/bin/../lib/gcc/arm-none-eabi/4.8.4/../../../../arm-none-eabi/lib/armv7-m\libc.a(lib_a-fini.o)
 .ARM.attributes
                0x0000083c       0x2d c:/program files (x86)/atmel/atmel toolchain/arm gcc/native/4.8.1443/arm-gnu-toolchain/bin/../lib/gcc/arm-none-eabi/4.8.4/../../../../arm-none-eabi/lib/armv7-m\libc.a(lib_a-fputwc.o)
 .ARM.attributes
                0x00000869       0x2d c:/program files (x86)/atmel/atmel toolchain/arm gcc/native/4.8.1443/arm-gnu-toolchain/bin/../lib/gcc/arm-none-eabi/4.8.4/../../../../arm-none-eabi/lib/armv7-m\libc.a(lib_a-freer.o)
 .ARM.attributes
                0x00000896       0x2d c:/program files (x86)/atmel/atmel toolchain/arm gcc/native/4.8.1443/arm-gnu-toolchain/bin/../lib/gcc/arm-none-eabi/4.8.4/../../../../arm-none-eabi/lib/armv7-m\libc.a(lib_a-fvwrite.o)
 .ARM.attributes
                0x000008c3       0x2d c:/program files (x86)/atmel/atmel toolchain/arm gcc/native/4.8.1443/arm-gnu-toolchain/bin/../lib/gcc/arm-none-eabi/4.8.4/../../../../arm-none-eabi/lib/armv7-m\libc.a(lib_a-fwalk.o)
 .ARM.attributes
                0x000008f0       0x2d c:/program files (x86)/atmel/atmel toolchain/arm gcc/native/4.8.1443/arm-gnu-toolchain/bin/../lib/gcc/arm-none-eabi/4.8.4/../../../../arm-none-eabi/lib/armv7-m\libc.a(lib_a-locale.o)
 .ARM.attributes
                0x0000091d       0x2d c:/program files (x86)/atmel/atmel toolchain/arm gcc/native/4.8.1443/arm-gnu-toolchain/bin/../lib/gcc/arm-none-eabi/4.8.4/../../../../arm-none-eabi/lib/armv7-m\libc.a(lib_a-makebuf.o)
 .ARM.attributes
                0x0000094a       0x2d c:/program files (x86)/atmel/atmel toolchain/arm gcc/native/4.8.1443/arm-gnu-toolchain/bin/../lib/gcc/arm-none-eabi/4.8.4/../../../../arm-none-eabi/lib/armv7-m\libc.a(lib_a-malloc.o)
 .ARM.attributes
                0x00000977       0x2d c:/program files (x86)/atmel/atmel toolchain/arm gcc/native/4.8.1443/arm-gnu-toolchain/bin/../lib/gcc/arm-none-eabi/4.8.4/../../../../arm-none-eabi/lib/armv7-m\libc.a(lib_a-mallocr.o)
 .ARM.attributes
                0x000009a4       0x2d c:/program files (x86)/atmel/atmel toolchain/arm gcc/native/4.8.1443/arm-gnu-toolchain/bin/../lib/gcc/arm-none-eabi/4.8.4/../../../../arm-none-eabi/lib/armv7-m\libc.a(lib_a-memchr-stub.o)
 .ARM.attributes
                0x000009d1       0x2d c:/program files (x86)/atmel/atmel toolchain/arm gcc/native/4.8.1443/arm-gnu-toolchain/bin/../lib/gcc/arm-none-eabi/4.8.4/../../../../arm-none-eabi/lib/armv7-m\libc.a(lib_a-memmove.o)
 .ARM.attributes
                0x000009fe       0x2d c:/program files (x86)/atmel/atmel toolchain/arm gcc/native/4.8.1443/arm-gnu-toolchain/bin/../lib/gcc/arm-none-eabi/4.8.4/../../../../arm-none-eabi/lib/armv7-m\libc.a(lib_a-mlock.o)
 .ARM.attributes
                0x00000a2b       0x2d c:/program files (x86)/atmel/atmel toolchain/arm gcc/native/4.8.1443/arm-gnu-toolchain/bin/../lib/gcc/arm-none-eabi/4.8.4/../../../../arm-none-eabi/lib/armv7-m\libc.a(lib_a-reallocr.o)
 .ARM.attributes
                0x00000a58       0x2d c:/program files (x86)/atmel/atmel toolchain/arm gcc/native/4.8.1443/arm-gnu-toolchain/bin/../lib/gcc/arm-none-eabi/4.8.4/../../../../arm-none-eabi/lib/armv7-m\libc.a(lib_a-sbrkr.o)
 .ARM.attributes
                0x00000a85       0x2d c:/program files (x86)/atmel/atmel toolchain/arm gcc/native/4.8.1443/arm-gnu-toolchain/bin/../lib/gcc/arm-none-eabi/4.8.4/../../../../arm-none-eabi/lib/armv7-m\libc.a(lib_a-stdio.o)
 .ARM.attributes
                0x00000ab2       0x2d c:/program files (x86)/atmel/atmel toolchain/arm gcc/native/4.8.1443/arm-gnu-toolchain/bin/../lib/gcc/arm-none-eabi/4.8.4/../../../../arm-none-eabi/lib/armv7-m\libc.a(lib_a-wbuf.o)
 .ARM.attributes
                0x00000adf       0x2d c:/program files (x86)/atmel/atmel toolchain/arm gcc/native/4.8.1443/arm-gnu-toolchain/bin/../lib/gcc/arm-none-eabi/4.8.4/../../../../arm-none-eabi/lib/armv7-m\libc.a(lib_a-wcrtomb.o)
 .ARM.attributes
                0x00000b0c       0x2d c:/program files (x86)/atmel/atmel toolchain/arm gcc/native/4.8.1443/arm-gnu-toolchain/bin/../lib/gcc/arm-none-eabi/4.8.4/../../../../arm-none-eabi/lib/armv7-m\libc.a(lib_a-wctomb_r.o)
 .ARM.attributes
                0x00000b39       0x2d c:/program files (x86)/atmel/atmel toolchain/arm gcc/native/4.8.1443/arm-gnu-toolchain/bin/../lib/gcc/arm-none-eabi/4.8.4/../../../../arm-none-eabi/lib/armv7-m\libc.a(lib_a-writer.o)
 .ARM.attributes
                0x00000b66       0x2d c:/program files (x86)/atmel/atmel toolchain/arm gcc/native/4.8.1443/arm-gnu-toolchain/bin/../lib/gcc/arm-none-eabi/4.8.4/../../../../arm-none-eabi/lib/armv7-m\libc.a(lib_a-__atexit.o)
 .ARM.attributes
                0x00000b93       0x2d c:/program files (x86)/atmel/atmel toolchain/arm gcc/native/4.8.1443/arm-gnu-toolchain/bin/../lib/gcc/arm-none-eabi/4.8.4/../../../../arm-none-eabi/lib/armv7-m\libc.a(lib_a-closer.o)
 .ARM.attributes
                0x00000bc0       0x2d c:/program files (x86)/atmel/atmel toolchain/arm gcc/native/4.8.1443/arm-gnu-toolchain/bin/../lib/gcc/arm-none-eabi/4.8.4/../../../../arm-none-eabi/lib/armv7-m\libc.a(lib_a-fclose.o)
 .ARM.attributes
                0x00000bed       0x2d c:/program files (x86)/atmel/atmel toolchain/arm gcc/native/4.8.1443/arm-gnu-toolchain/bin/../lib/gcc/arm-none-eabi/4.8.4/../../../../arm-none-eabi/lib/armv7-m\libc.a(lib_a-fstatr.o)
 .ARM.attributes
                0x00000c1a       0x2d c:/program files (x86)/atmel/atmel toolchain/arm gcc/native/4.8.1443/arm-gnu-toolchain/bin/../lib/gcc/arm-none-eabi/4.8.4/../../../../arm-none-eabi/lib/armv7-m\libc.a(lib_a-isattyr.o)
 .ARM.attributes
                0x00000c47       0x2d c:/program files (x86)/atmel/atmel toolchain/arm gcc/native/4.8.1443/arm-gnu-toolchain/bin/../lib/gcc/arm-none-eabi/4.8.4/../../../../arm-none-eabi/lib/armv7-m\libc.a(lib_a-lseekr.o)
 .ARM.attributes
                0x00000c74       0x2d c:/program files (x86)/atmel/atmel toolchain/arm gcc/native/4.8.1443/arm-gnu-toolchain/bin/../lib/gcc/arm-none-eabi/4.8.4/../../../../arm-none-eabi/lib/armv7-m\libc.a(lib_a-readr.o)
 .ARM.attributes
                0x00000ca1       0x2d c:/program files (x86)/atmel/atmel toolchain/arm gcc/native/4.8.1443/arm-gnu-toolchain/bin/../lib/gcc/arm-none-eabi/4.8.4/../../../../arm-none-eabi/lib/armv7-m\libc.a(lib_a-reent.o)
 .ARM.attributes
                0x00000cce       0x1d c:/program files (x86)/atmel/atmel toolchain/arm gcc/native/4.8.1443/arm-gnu-toolchain/bin/../lib/gcc/arm-none-eabi/4.8.4/armv7-m\libgcc.a(_aeabi_uldivmod.o)
 .ARM.attributes
                0x00000ceb       0x2d c:/program files (x86)/atmel/atmel toolchain/arm gcc/native/4.8.1443/arm-gnu-toolchain/bin/../lib/gcc/arm-none-eabi/4.8.4/armv7-m\libgcc.a(bpabi.o)
 .ARM.attributes
                0x00000d18       0x1d c:/program files (x86)/atmel/atmel toolchain/arm gcc/native/4.8.1443/arm-gnu-toolchain/bin/../lib/gcc/arm-none-eabi/4.8.4/armv7-m\libgcc.a(_dvmd_tls.o)
 .ARM.attributes
                0x00000d35       0x2d c:/program files (x86)/atmel/atmel toolchain/arm gcc/native/4.8.1443/arm-gnu-toolchain/bin/../lib/gcc/arm-none-eabi/4.8.4/armv7-m\libgcc.a(_divdi3.o)
 .ARM.attributes
                0x00000d62       0x2d c:/program files (x86)/atmel/atmel toolchain/arm gcc/native/4.8.1443/arm-gnu-toolchain/bin/../lib/gcc/arm-none-eabi/4.8.4/armv7-m\libgcc.a(_udivdi3.o)
 .ARM.attributes
                0x00000d8f       0x1d c:/program files (x86)/atmel/atmel toolchain/arm gcc/native/4.8.1443/arm-gnu-toolchain/bin/../lib/gcc/arm-none-eabi/4.8.4/armv7-m/crtn.o

.comment        0x00000000       0x5b
 .comment       0x00000000       0x5b src/ASF/common/services/serial/usart_serial.o
                                 0x5c (size before relaxing)
 .comment       0x00000000       0x5c src/ASF/common/utils/stdio/read.o
 .comment       0x00000000       0x5c src/ASF/common/utils/stdio/write.o
 .comment       0x00000000       0x5c src/ASF/sam/drivers/adc/adc.o
 .comment       0x00000000       0x5c src/ASF/sam/drivers/dacc/dacc.o
 .comment       0x00000000       0x5c src/ASF/sam/drivers/tc/tc.o
 .comment       0x00000000       0x5c src/ASF/sam/drivers/uart/uart.o
 .comment       0x00000000       0x5c src/ASF/sam/drivers/usart/usart.o
 .comment       0x00000000       0x5c src/ASF/thirdparty/freertos/freertos-7.3.0/source/list.o
 .comment       0x00000000       0x5c src/ASF/thirdparty/freertos/freertos-7.3.0/source/portable/gcc/arm_cm3/port.o
 .comment       0x00000000       0x5c src/ASF/thirdparty/freertos/freertos-7.3.0/source/tasks.o
 .comment       0x00000000       0x5c src/ASF/thirdparty/wireless/addons/sio2host/uart/sio2host.o
 .comment       0x00000000       0x5c src/adcFunctions.o
 .comment       0x00000000       0x5c src/consoleFunctions.o
 .comment       0x00000000       0x5c src/DAC.o
 .comment       0x00000000       0x5c src/delayFunctions.o
 .comment       0x00000000       0x5c src/ASF/common/services/clock/sam3x/sysclk.o
 .comment       0x00000000       0x5c src/ASF/common/utils/interrupt/interrupt_sam_nvic.o
 .comment       0x00000000       0x5c src/ASF/sam/boards/arduino_due_x/init.o
 .comment       0x00000000       0x5c src/ASF/sam/drivers/pio/pio.o
 .comment       0x00000000       0x5c src/ASF/sam/drivers/pio/pio_handler.o
 .comment       0x00000000       0x5c src/ASF/sam/drivers/pmc/pmc.o
 .comment       0x00000000       0x5c src/ASF/sam/utils/cmsis/sam3x/source/templates/exceptions.o
 .comment       0x00000000       0x5c src/ASF/sam/utils/cmsis/sam3x/source/templates/gcc/startup_sam3x.o
 .comment       0x00000000       0x5c src/ASF/sam/utils/cmsis/sam3x/source/templates/system_sam3x.o
 .comment       0x00000000       0x5c src/ASF/sam/utils/syscalls/gcc/syscalls.o
 .comment       0x00000000       0x5c src/main.o

.debug_info     0x00000000    0x121c8
 .debug_info    0x00000000      0x7c5 src/ASF/common/services/serial/usart_serial.o
 .debug_info    0x000007c5      0x1bb src/ASF/common/utils/stdio/read.o
 .debug_info    0x00000980      0x1c0 src/ASF/common/utils/stdio/write.o
 .debug_info    0x00000b40     0x1188 src/ASF/sam/drivers/adc/adc.o
 .debug_info    0x00001cc8      0x8ac src/ASF/sam/drivers/dacc/dacc.o
 .debug_info    0x00002574      0x945 src/ASF/sam/drivers/tc/tc.o
 .debug_info    0x00002eb9      0x889 src/ASF/sam/drivers/uart/uart.o
 .debug_info    0x00003742     0x1bfa src/ASF/sam/drivers/usart/usart.o
 .debug_info    0x0000533c      0x2b7 src/ASF/thirdparty/freertos/freertos-7.3.0/source/list.o
 .debug_info    0x000055f3      0x3a0 src/ASF/thirdparty/freertos/freertos-7.3.0/source/portable/gcc/arm_cm3/port.o
 .debug_info    0x00005993     0x178e src/ASF/thirdparty/freertos/freertos-7.3.0/source/tasks.o
 .debug_info    0x00007121     0x187d src/ASF/thirdparty/wireless/addons/sio2host/uart/sio2host.o
 .debug_info    0x0000899e      0xf7e src/adcFunctions.o
 .debug_info    0x0000991c     0x129e src/consoleFunctions.o
 .debug_info    0x0000abba      0xd25 src/DAC.o
 .debug_info    0x0000b8df      0xd16 src/delayFunctions.o
 .debug_info    0x0000c5f5      0x796 src/ASF/common/services/clock/sam3x/sysclk.o
 .debug_info    0x0000cd8b      0x1e8 src/ASF/common/utils/interrupt/interrupt_sam_nvic.o
 .debug_info    0x0000cf73      0x75c src/ASF/sam/boards/arduino_due_x/init.o
 .debug_info    0x0000d6cf     0x1385 src/ASF/sam/drivers/pio/pio.o
 .debug_info    0x0000ea54      0xe52 src/ASF/sam/drivers/pio/pio_handler.o
 .debug_info    0x0000f8a6     0x1080 src/ASF/sam/drivers/pmc/pmc.o
 .debug_info    0x00010926      0x124 src/ASF/sam/utils/cmsis/sam3x/source/templates/exceptions.o
 .debug_info    0x00010a4a      0x3bd src/ASF/sam/utils/cmsis/sam3x/source/templates/gcc/startup_sam3x.o
 .debug_info    0x00010e07      0x4c6 src/ASF/sam/utils/cmsis/sam3x/source/templates/system_sam3x.o
 .debug_info    0x000112cd      0x43f src/ASF/sam/utils/syscalls/gcc/syscalls.o
 .debug_info    0x0001170c      0xabc src/main.o

.debug_abbrev   0x00000000     0x339e
 .debug_abbrev  0x00000000      0x1a8 src/ASF/common/services/serial/usart_serial.o
 .debug_abbrev  0x000001a8      0x101 src/ASF/common/utils/stdio/read.o
 .debug_abbrev  0x000002a9       0xf5 src/ASF/common/utils/stdio/write.o
 .debug_abbrev  0x0000039e      0x226 src/ASF/sam/drivers/adc/adc.o
 .debug_abbrev  0x000005c4      0x1c6 src/ASF/sam/drivers/dacc/dacc.o
 .debug_abbrev  0x0000078a      0x1bb src/ASF/sam/drivers/tc/tc.o
 .debug_abbrev  0x00000945      0x1bd src/ASF/sam/drivers/uart/uart.o
 .debug_abbrev  0x00000b02      0x325 src/ASF/sam/drivers/usart/usart.o
 .debug_abbrev  0x00000e27       0xfb src/ASF/thirdparty/freertos/freertos-7.3.0/source/list.o
 .debug_abbrev  0x00000f22      0x246 src/ASF/thirdparty/freertos/freertos-7.3.0/source/portable/gcc/arm_cm3/port.o
 .debug_abbrev  0x00001168      0x2e0 src/ASF/thirdparty/freertos/freertos-7.3.0/source/tasks.o
 .debug_abbrev  0x00001448      0x3da src/ASF/thirdparty/wireless/addons/sio2host/uart/sio2host.o
 .debug_abbrev  0x00001822      0x255 src/adcFunctions.o
 .debug_abbrev  0x00001a77      0x341 src/consoleFunctions.o
 .debug_abbrev  0x00001db8      0x1ee src/DAC.o
 .debug_abbrev  0x00001fa6      0x1fa src/delayFunctions.o
 .debug_abbrev  0x000021a0      0x227 src/ASF/common/services/clock/sam3x/sysclk.o
 .debug_abbrev  0x000023c7       0xef src/ASF/common/utils/interrupt/interrupt_sam_nvic.o
 .debug_abbrev  0x000024b6      0x16f src/ASF/sam/boards/arduino_due_x/init.o
 .debug_abbrev  0x00002625      0x2d5 src/ASF/sam/drivers/pio/pio.o
 .debug_abbrev  0x000028fa      0x257 src/ASF/sam/drivers/pio/pio_handler.o
 .debug_abbrev  0x00002b51      0x268 src/ASF/sam/drivers/pmc/pmc.o
 .debug_abbrev  0x00002db9       0x8c src/ASF/sam/utils/cmsis/sam3x/source/templates/exceptions.o
 .debug_abbrev  0x00002e45      0x118 src/ASF/sam/utils/cmsis/sam3x/source/templates/gcc/startup_sam3x.o
 .debug_abbrev  0x00002f5d      0x115 src/ASF/sam/utils/cmsis/sam3x/source/templates/system_sam3x.o
 .debug_abbrev  0x00003072      0x14e src/ASF/sam/utils/syscalls/gcc/syscalls.o
 .debug_abbrev  0x000031c0      0x1de src/main.o

.debug_loc      0x00000000     0x6b3d
 .debug_loc     0x00000000      0x2d1 src/ASF/common/services/serial/usart_serial.o
 .debug_loc     0x000002d1       0xc5 src/ASF/common/utils/stdio/read.o
 .debug_loc     0x00000396      0x161 src/ASF/common/utils/stdio/write.o
 .debug_loc     0x000004f7      0x980 src/ASF/sam/drivers/adc/adc.o
 .debug_loc     0x00000e77      0x3a7 src/ASF/sam/drivers/dacc/dacc.o
 .debug_loc     0x0000121e      0x57a src/ASF/sam/drivers/tc/tc.o
 .debug_loc     0x00001798      0x236 src/ASF/sam/drivers/uart/uart.o
 .debug_loc     0x000019ce     0x128d src/ASF/sam/drivers/usart/usart.o
 .debug_loc     0x00002c5b       0x91 src/ASF/thirdparty/freertos/freertos-7.3.0/source/list.o
 .debug_loc     0x00002cec      0x100 src/ASF/thirdparty/freertos/freertos-7.3.0/source/portable/gcc/arm_cm3/port.o
 .debug_loc     0x00002dec     0x1545 src/ASF/thirdparty/freertos/freertos-7.3.0/source/tasks.o
 .debug_loc     0x00004331      0x4b5 src/ASF/thirdparty/wireless/addons/sio2host/uart/sio2host.o
 .debug_loc     0x000047e6       0x98 src/adcFunctions.o
 .debug_loc     0x0000487e      0x28b src/consoleFunctions.o
 .debug_loc     0x00004b09       0x3f src/DAC.o
 .debug_loc     0x00004b48       0x6c src/delayFunctions.o
 .debug_loc     0x00004bb4      0x12d src/ASF/common/services/clock/sam3x/sysclk.o
 .debug_loc     0x00004ce1       0x1e src/ASF/common/utils/interrupt/interrupt_sam_nvic.o
 .debug_loc     0x00004cff       0x20 src/ASF/sam/boards/arduino_due_x/init.o
 .debug_loc     0x00004d1f      0xa83 src/ASF/sam/drivers/pio/pio.o
 .debug_loc     0x000057a2      0x53d src/ASF/sam/drivers/pio/pio_handler.o
 .debug_loc     0x00005cdf      0xc95 src/ASF/sam/drivers/pmc/pmc.o
 .debug_loc     0x00006974       0x7e src/ASF/sam/utils/cmsis/sam3x/source/templates/gcc/startup_sam3x.o
 .debug_loc     0x000069f2      0x12b src/ASF/sam/utils/syscalls/gcc/syscalls.o
 .debug_loc     0x00006b1d       0x20 src/main.o

.debug_aranges  0x00000000      0xf08
 .debug_aranges
                0x00000000       0x28 src/ASF/common/services/serial/usart_serial.o
 .debug_aranges
                0x00000028       0x20 src/ASF/common/utils/stdio/read.o
 .debug_aranges
                0x00000048       0x20 src/ASF/common/utils/stdio/write.o
 .debug_aranges
                0x00000068      0x178 src/ASF/sam/drivers/adc/adc.o
 .debug_aranges
                0x000001e0       0xc0 src/ASF/sam/drivers/dacc/dacc.o
 .debug_aranges
                0x000002a0       0xd0 src/ASF/sam/drivers/tc/tc.o
 .debug_aranges
                0x00000370       0xe8 src/ASF/sam/drivers/uart/uart.o
 .debug_aranges
                0x00000458      0x2a8 src/ASF/sam/drivers/usart/usart.o
 .debug_aranges
                0x00000700       0x40 src/ASF/thirdparty/freertos/freertos-7.3.0/source/list.o
 .debug_aranges
                0x00000740       0x80 src/ASF/thirdparty/freertos/freertos-7.3.0/source/portable/gcc/arm_cm3/port.o
 .debug_aranges
                0x000007c0      0x130 src/ASF/thirdparty/freertos/freertos-7.3.0/source/tasks.o
 .debug_aranges
                0x000008f0       0x60 src/ASF/thirdparty/wireless/addons/sio2host/uart/sio2host.o
 .debug_aranges
                0x00000950       0x28 src/adcFunctions.o
 .debug_aranges
                0x00000978       0x30 src/consoleFunctions.o
 .debug_aranges
                0x000009a8       0x20 src/DAC.o
 .debug_aranges
                0x000009c8       0x28 src/delayFunctions.o
 .debug_aranges
                0x000009f0       0x40 src/ASF/common/services/clock/sam3x/sysclk.o
 .debug_aranges
                0x00000a30       0x28 src/ASF/common/utils/interrupt/interrupt_sam_nvic.o
 .debug_aranges
                0x00000a58       0x20 src/ASF/sam/boards/arduino_due_x/init.o
 .debug_aranges
                0x00000a78      0x148 src/ASF/sam/drivers/pio/pio.o
 .debug_aranges
                0x00000bc0       0x58 src/ASF/sam/drivers/pio/pio_handler.o
 .debug_aranges
                0x00000c18      0x200 src/ASF/sam/drivers/pmc/pmc.o
 .debug_aranges
                0x00000e18       0x20 src/ASF/sam/utils/cmsis/sam3x/source/templates/exceptions.o
 .debug_aranges
                0x00000e38       0x20 src/ASF/sam/utils/cmsis/sam3x/source/templates/gcc/startup_sam3x.o
 .debug_aranges
                0x00000e58       0x30 src/ASF/sam/utils/cmsis/sam3x/source/templates/system_sam3x.o
 .debug_aranges
                0x00000e88       0x60 src/ASF/sam/utils/syscalls/gcc/syscalls.o
 .debug_aranges
                0x00000ee8       0x20 src/main.o

.debug_ranges   0x00000000      0xdb8
 .debug_ranges  0x00000000       0x30 src/ASF/common/services/serial/usart_serial.o
 .debug_ranges  0x00000030       0x10 src/ASF/common/utils/stdio/read.o
 .debug_ranges  0x00000040       0x10 src/ASF/common/utils/stdio/write.o
 .debug_ranges  0x00000050      0x168 src/ASF/sam/drivers/adc/adc.o
 .debug_ranges  0x000001b8       0xb0 src/ASF/sam/drivers/dacc/dacc.o
 .debug_ranges  0x00000268       0xc0 src/ASF/sam/drivers/tc/tc.o
 .debug_ranges  0x00000328       0xd8 src/ASF/sam/drivers/uart/uart.o
 .debug_ranges  0x00000400      0x298 src/ASF/sam/drivers/usart/usart.o
 .debug_ranges  0x00000698       0x30 src/ASF/thirdparty/freertos/freertos-7.3.0/source/list.o
 .debug_ranges  0x000006c8       0x70 src/ASF/thirdparty/freertos/freertos-7.3.0/source/portable/gcc/arm_cm3/port.o
 .debug_ranges  0x00000738      0x168 src/ASF/thirdparty/freertos/freertos-7.3.0/source/tasks.o
 .debug_ranges  0x000008a0       0x50 src/ASF/thirdparty/wireless/addons/sio2host/uart/sio2host.o
 .debug_ranges  0x000008f0       0x18 src/adcFunctions.o
 .debug_ranges  0x00000908       0x20 src/consoleFunctions.o
 .debug_ranges  0x00000928       0x10 src/DAC.o
 .debug_ranges  0x00000938       0x18 src/delayFunctions.o
 .debug_ranges  0x00000950       0x30 src/ASF/common/services/clock/sam3x/sysclk.o
 .debug_ranges  0x00000980       0x18 src/ASF/common/utils/interrupt/interrupt_sam_nvic.o
 .debug_ranges  0x00000998       0x10 src/ASF/sam/boards/arduino_due_x/init.o
 .debug_ranges  0x000009a8      0x138 src/ASF/sam/drivers/pio/pio.o
 .debug_ranges  0x00000ae0       0x48 src/ASF/sam/drivers/pio/pio_handler.o
 .debug_ranges  0x00000b28      0x1f0 src/ASF/sam/drivers/pmc/pmc.o
 .debug_ranges  0x00000d18       0x10 src/ASF/sam/utils/cmsis/sam3x/source/templates/exceptions.o
 .debug_ranges  0x00000d28       0x10 src/ASF/sam/utils/cmsis/sam3x/source/templates/gcc/startup_sam3x.o
 .debug_ranges  0x00000d38       0x20 src/ASF/sam/utils/cmsis/sam3x/source/templates/system_sam3x.o
 .debug_ranges  0x00000d58       0x50 src/ASF/sam/utils/syscalls/gcc/syscalls.o
 .debug_ranges  0x00000da8       0x10 src/main.o

.debug_macro    0x00000000    0x1b65a
 .debug_macro   0x00000000      0x55c src/ASF/common/services/serial/usart_serial.o
 .debug_macro   0x0000055c      0x874 src/ASF/common/services/serial/usart_serial.o
 .debug_macro   0x00000dd0      0x5db src/ASF/common/services/serial/usart_serial.o
 .debug_macro   0x000013ab      0x166 src/ASF/common/services/serial/usart_serial.o
 .debug_macro   0x00001511       0x76 src/ASF/common/services/serial/usart_serial.o
 .debug_macro   0x00001587       0x16 src/ASF/common/services/serial/usart_serial.o
 .debug_macro   0x0000159d      0x6e4 src/ASF/common/services/serial/usart_serial.o
 .debug_macro   0x00001c81       0x16 src/ASF/common/services/serial/usart_serial.o
 .debug_macro   0x00001c97       0x44 src/ASF/common/services/serial/usart_serial.o
 .debug_macro   0x00001cdb      0x209 src/ASF/common/services/serial/usart_serial.o
 .debug_macro   0x00001ee4       0x20 src/ASF/common/services/serial/usart_serial.o
 .debug_macro   0x00001f04       0x3a src/ASF/common/services/serial/usart_serial.o
 .debug_macro   0x00001f3e       0x2d src/ASF/common/services/serial/usart_serial.o
 .debug_macro   0x00001f6b      0xbb1 src/ASF/common/services/serial/usart_serial.o
 .debug_macro   0x00002b1c      0xab6 src/ASF/common/services/serial/usart_serial.o
 .debug_macro   0x000035d2      0x569 src/ASF/common/services/serial/usart_serial.o
 .debug_macro   0x00003b3b      0x2b5 src/ASF/common/services/serial/usart_serial.o
 .debug_macro   0x00003df0      0x31a src/ASF/common/services/serial/usart_serial.o
 .debug_macro   0x0000410a      0x74f src/ASF/common/services/serial/usart_serial.o
 .debug_macro   0x00004859       0x82 src/ASF/common/services/serial/usart_serial.o
 .debug_macro   0x000048db      0x57b src/ASF/common/services/serial/usart_serial.o
 .debug_macro   0x00004e56       0x1c src/ASF/common/services/serial/usart_serial.o
 .debug_macro   0x00004e72      0x6b7 src/ASF/common/services/serial/usart_serial.o
 .debug_macro   0x00005529      0x52d src/ASF/common/services/serial/usart_serial.o
 .debug_macro   0x00005a56       0xbe src/ASF/common/services/serial/usart_serial.o
 .debug_macro   0x00005b14     0x2342 src/ASF/common/services/serial/usart_serial.o
 .debug_macro   0x00007e56      0x85d src/ASF/common/services/serial/usart_serial.o
 .debug_macro   0x000086b3      0xdc9 src/ASF/common/services/serial/usart_serial.o
 .debug_macro   0x0000947c       0x7c src/ASF/common/services/serial/usart_serial.o
 .debug_macro   0x000094f8      0x263 src/ASF/common/services/serial/usart_serial.o
 .debug_macro   0x0000975b       0x58 src/ASF/common/services/serial/usart_serial.o
 .debug_macro   0x000097b3      0x9a7 src/ASF/common/services/serial/usart_serial.o
 .debug_macro   0x0000a15a      0x248 src/ASF/common/services/serial/usart_serial.o
 .debug_macro   0x0000a3a2      0x4df src/ASF/common/services/serial/usart_serial.o
 .debug_macro   0x0000a881      0x6b3 src/ASF/common/services/serial/usart_serial.o
 .debug_macro   0x0000af34      0x59f src/ASF/common/services/serial/usart_serial.o
 .debug_macro   0x0000b4d3       0x46 src/ASF/common/services/serial/usart_serial.o
 .debug_macro   0x0000b519      0x34d src/ASF/common/services/serial/usart_serial.o
 .debug_macro   0x0000b866      0x28c src/ASF/common/services/serial/usart_serial.o
 .debug_macro   0x0000baf2     0x14d7 src/ASF/common/services/serial/usart_serial.o
 .debug_macro   0x0000cfc9      0x7ba src/ASF/common/services/serial/usart_serial.o
 .debug_macro   0x0000d783       0x76 src/ASF/common/services/serial/usart_serial.o
 .debug_macro   0x0000d7f9       0x82 src/ASF/common/services/serial/usart_serial.o
 .debug_macro   0x0000d87b       0x76 src/ASF/common/services/serial/usart_serial.o
 .debug_macro   0x0000d8f1       0x4c src/ASF/common/services/serial/usart_serial.o
 .debug_macro   0x0000d93d      0x105 src/ASF/common/services/serial/usart_serial.o
 .debug_macro   0x0000da42      0x105 src/ASF/common/services/serial/usart_serial.o
 .debug_macro   0x0000db47      0x105 src/ASF/common/services/serial/usart_serial.o
 .debug_macro   0x0000dc4c       0x88 src/ASF/common/services/serial/usart_serial.o
 .debug_macro   0x0000dcd4       0x88 src/ASF/common/services/serial/usart_serial.o
 .debug_macro   0x0000dd5c      0x3b4 src/ASF/common/services/serial/usart_serial.o
 .debug_macro   0x0000e110       0xb8 src/ASF/common/services/serial/usart_serial.o
 .debug_macro   0x0000e1c8       0xb8 src/ASF/common/services/serial/usart_serial.o
 .debug_macro   0x0000e280       0xb8 src/ASF/common/services/serial/usart_serial.o
 .debug_macro   0x0000e338       0xb8 src/ASF/common/services/serial/usart_serial.o
 .debug_macro   0x0000e3f0      0x2b8 src/ASF/common/services/serial/usart_serial.o
 .debug_macro   0x0000e6a8      0x125 src/ASF/common/services/serial/usart_serial.o
 .debug_macro   0x0000e7cd      0x225 src/ASF/common/services/serial/usart_serial.o
 .debug_macro   0x0000e9f2      0x225 src/ASF/common/services/serial/usart_serial.o
 .debug_macro   0x0000ec17       0x2e src/ASF/common/services/serial/usart_serial.o
 .debug_macro   0x0000ec45       0xac src/ASF/common/services/serial/usart_serial.o
 .debug_macro   0x0000ecf1      0x14d src/ASF/common/services/serial/usart_serial.o
 .debug_macro   0x0000ee3e       0x7c src/ASF/common/services/serial/usart_serial.o
 .debug_macro   0x0000eeba      0x205 src/ASF/common/services/serial/usart_serial.o
 .debug_macro   0x0000f0bf       0x64 src/ASF/common/services/serial/usart_serial.o
 .debug_macro   0x0000f123       0xa6 src/ASF/common/services/serial/usart_serial.o
 .debug_macro   0x0000f1c9       0x7c src/ASF/common/services/serial/usart_serial.o
 .debug_macro   0x0000f245       0x16 src/ASF/common/services/serial/usart_serial.o
 .debug_macro   0x0000f25b       0x22 src/ASF/common/services/serial/usart_serial.o
 .debug_macro   0x0000f27d       0x22 src/ASF/common/services/serial/usart_serial.o
 .debug_macro   0x0000f29f      0x115 src/ASF/common/services/serial/usart_serial.o
 .debug_macro   0x0000f3b4      0x115 src/ASF/common/services/serial/usart_serial.o
 .debug_macro   0x0000f4c9      0x115 src/ASF/common/services/serial/usart_serial.o
 .debug_macro   0x0000f5de      0x115 src/ASF/common/services/serial/usart_serial.o
 .debug_macro   0x0000f6f3       0x1c src/ASF/common/services/serial/usart_serial.o
 .debug_macro   0x0000f70f       0x2e src/ASF/common/services/serial/usart_serial.o
 .debug_macro   0x0000f73d       0x22 src/ASF/common/services/serial/usart_serial.o
 .debug_macro   0x0000f75f       0x1c src/ASF/common/services/serial/usart_serial.o
 .debug_macro   0x0000f77b       0x58 src/ASF/common/services/serial/usart_serial.o
 .debug_macro   0x0000f7d3       0x10 src/ASF/common/services/serial/usart_serial.o
 .debug_macro   0x0000f7e3      0x273 src/ASF/common/services/serial/usart_serial.o
 .debug_macro   0x0000fa56      0xd43 src/ASF/common/services/serial/usart_serial.o
 .debug_macro   0x00010799      0x131 src/ASF/common/services/serial/usart_serial.o
 .debug_macro   0x000108ca       0x58 src/ASF/common/services/serial/usart_serial.o
 .debug_macro   0x00010922       0x35 src/ASF/common/services/serial/usart_serial.o
 .debug_macro   0x00010957       0xa3 src/ASF/common/services/serial/usart_serial.o
 .debug_macro   0x000109fa       0x16 src/ASF/common/services/serial/usart_serial.o
 .debug_macro   0x00010a10       0x35 src/ASF/common/services/serial/usart_serial.o
 .debug_macro   0x00010a45       0x10 src/ASF/common/services/serial/usart_serial.o
 .debug_macro   0x00010a55       0x52 src/ASF/common/services/serial/usart_serial.o
 .debug_macro   0x00010aa7       0x16 src/ASF/common/services/serial/usart_serial.o
 .debug_macro   0x00010abd       0x43 src/ASF/common/services/serial/usart_serial.o
 .debug_macro   0x00010b00      0x180 src/ASF/common/services/serial/usart_serial.o
 .debug_macro   0x00010c80       0x10 src/ASF/common/services/serial/usart_serial.o
 .debug_macro   0x00010c90       0x22 src/ASF/common/services/serial/usart_serial.o
 .debug_macro   0x00010cb2       0xbd src/ASF/common/services/serial/usart_serial.o
 .debug_macro   0x00010d6f       0x16 src/ASF/common/services/serial/usart_serial.o
 .debug_macro   0x00010d85      0x16c src/ASF/common/services/serial/usart_serial.o
 .debug_macro   0x00010ef1       0x22 src/ASF/common/services/serial/usart_serial.o
 .debug_macro   0x00010f13       0x16 src/ASF/common/services/serial/usart_serial.o
 .debug_macro   0x00010f29       0x16 src/ASF/common/services/serial/usart_serial.o
 .debug_macro   0x00010f3f       0x29 src/ASF/common/services/serial/usart_serial.o
 .debug_macro   0x00010f68       0x6e src/ASF/common/services/serial/usart_serial.o
 .debug_macro   0x00010fd6       0x45 src/ASF/common/services/serial/usart_serial.o
 .debug_macro   0x0001101b      0x3ca src/ASF/common/services/serial/usart_serial.o
 .debug_macro   0x000113e5       0x34 src/ASF/common/services/serial/usart_serial.o
 .debug_macro   0x00011419      0x272 src/ASF/common/services/serial/usart_serial.o
 .debug_macro   0x0001168b      0x790 src/ASF/common/services/serial/usart_serial.o
 .debug_macro   0x00011e1b       0x5e src/ASF/common/services/serial/usart_serial.o
 .debug_macro   0x00011e79       0x64 src/ASF/common/services/serial/usart_serial.o
 .debug_macro   0x00011edd       0x5f src/ASF/common/services/serial/usart_serial.o
 .debug_macro   0x00011f3c       0x90 src/ASF/common/services/serial/usart_serial.o
 .debug_macro   0x00011fcc       0x1c src/ASF/common/services/serial/usart_serial.o
 .debug_macro   0x00011fe8       0x2e src/ASF/common/services/serial/usart_serial.o
 .debug_macro   0x00012016       0x1c src/ASF/common/services/serial/usart_serial.o
 .debug_macro   0x00012032      0x4a9 src/ASF/common/utils/stdio/read.o
 .debug_macro   0x000124db      0x4a9 src/ASF/common/utils/stdio/write.o
 .debug_macro   0x00012984      0x4c9 src/ASF/sam/drivers/adc/adc.o
 .debug_macro   0x00012e4d       0x1c src/ASF/sam/drivers/adc/adc.o
 .debug_macro   0x00012e69      0x4c4 src/ASF/sam/drivers/dacc/dacc.o
 .debug_macro   0x0001332d       0x10 src/ASF/sam/drivers/dacc/dacc.o
 .debug_macro   0x0001333d      0x4c4 src/ASF/sam/drivers/tc/tc.o
 .debug_macro   0x00013801       0x16 src/ASF/sam/drivers/tc/tc.o
 .debug_macro   0x00013817       0x4a src/ASF/sam/drivers/tc/tc.o
 .debug_macro   0x00013861       0x1c src/ASF/sam/drivers/tc/tc.o
 .debug_macro   0x0001387d      0x4b8 src/ASF/sam/drivers/uart/uart.o
 .debug_macro   0x00013d35       0x16 src/ASF/sam/drivers/uart/uart.o
 .debug_macro   0x00013d4b      0x4f4 src/ASF/sam/drivers/usart/usart.o
 .debug_macro   0x0001423f       0x28 src/ASF/sam/drivers/usart/usart.o
 .debug_macro   0x00014267      0x13f src/ASF/thirdparty/freertos/freertos-7.3.0/source/list.o
 .debug_macro   0x000143a6      0x10e src/ASF/thirdparty/freertos/freertos-7.3.0/source/list.o
 .debug_macro   0x000144b4       0x7f src/ASF/thirdparty/freertos/freertos-7.3.0/source/list.o
 .debug_macro   0x00014533       0xfa src/ASF/thirdparty/freertos/freertos-7.3.0/source/list.o
 .debug_macro   0x0001462d      0x5ef src/ASF/thirdparty/freertos/freertos-7.3.0/source/portable/gcc/arm_cm3/port.o
 .debug_macro   0x00014c1c       0x26 src/ASF/thirdparty/freertos/freertos-7.3.0/source/portable/gcc/arm_cm3/port.o
 .debug_macro   0x00014c42      0x26c src/ASF/thirdparty/freertos/freertos-7.3.0/source/portable/gcc/arm_cm3/port.o
 .debug_macro   0x00014eae      0x255 src/ASF/thirdparty/freertos/freertos-7.3.0/source/tasks.o
 .debug_macro   0x00015103       0x97 src/ASF/thirdparty/freertos/freertos-7.3.0/source/tasks.o
 .debug_macro   0x0001519a       0xef src/ASF/thirdparty/freertos/freertos-7.3.0/source/tasks.o
 .debug_macro   0x00015289       0x5b src/ASF/thirdparty/freertos/freertos-7.3.0/source/tasks.o
 .debug_macro   0x000152e4       0x16 src/ASF/thirdparty/freertos/freertos-7.3.0/source/tasks.o
 .debug_macro   0x000152fa      0x6cc src/ASF/thirdparty/wireless/addons/sio2host/uart/sio2host.o
 .debug_macro   0x000159c6       0x16 src/ASF/thirdparty/wireless/addons/sio2host/uart/sio2host.o
 .debug_macro   0x000159dc      0x100 src/ASF/thirdparty/wireless/addons/sio2host/uart/sio2host.o
 .debug_macro   0x00015adc       0x43 src/ASF/thirdparty/wireless/addons/sio2host/uart/sio2host.o
 .debug_macro   0x00015b1f       0x77 src/ASF/thirdparty/wireless/addons/sio2host/uart/sio2host.o
 .debug_macro   0x00015b96       0x5d src/ASF/thirdparty/wireless/addons/sio2host/uart/sio2host.o
 .debug_macro   0x00015bf3       0x94 src/ASF/thirdparty/wireless/addons/sio2host/uart/sio2host.o
 .debug_macro   0x00015c87       0x40 src/ASF/thirdparty/wireless/addons/sio2host/uart/sio2host.o
 .debug_macro   0x00015cc7       0x6a src/ASF/thirdparty/wireless/addons/sio2host/uart/sio2host.o
 .debug_macro   0x00015d31       0x34 src/ASF/thirdparty/wireless/addons/sio2host/uart/sio2host.o
 .debug_macro   0x00015d65       0x40 src/ASF/thirdparty/wireless/addons/sio2host/uart/sio2host.o
 .debug_macro   0x00015da5      0x6de src/adcFunctions.o
 .debug_macro   0x00016483       0x82 src/adcFunctions.o
 .debug_macro   0x00016505      0x452 src/adcFunctions.o
 .debug_macro   0x00016957       0xf6 src/adcFunctions.o
 .debug_macro   0x00016a4d       0x10 src/adcFunctions.o
 .debug_macro   0x00016a5d      0x6b9 src/consoleFunctions.o
 .debug_macro   0x00017116       0x22 src/consoleFunctions.o
 .debug_macro   0x00017138       0x70 src/consoleFunctions.o
 .debug_macro   0x000171a8       0x16 src/consoleFunctions.o
 .debug_macro   0x000171be      0x6c1 src/DAC.o
 .debug_macro   0x0001787f      0x6c1 src/delayFunctions.o
 .debug_macro   0x00017f40      0x529 src/ASF/common/services/clock/sam3x/sysclk.o
 .debug_macro   0x00018469      0x4b3 src/ASF/common/utils/interrupt/interrupt_sam_nvic.o
 .debug_macro   0x0001891c       0x3f src/ASF/common/utils/interrupt/interrupt_sam_nvic.o
 .debug_macro   0x0001895b      0x568 src/ASF/sam/boards/arduino_due_x/init.o
 .debug_macro   0x00018ec3      0x4c4 src/ASF/sam/drivers/pio/pio.o
 .debug_macro   0x00019387       0x8e src/ASF/sam/drivers/pio/pio.o
 .debug_macro   0x00019415      0x4c8 src/ASF/sam/drivers/pio/pio_handler.o
 .debug_macro   0x000198dd      0x4be src/ASF/sam/drivers/pmc/pmc.o
 .debug_macro   0x00019d9b       0x58 src/ASF/sam/drivers/pmc/pmc.o
 .debug_macro   0x00019df3      0x4bd src/ASF/sam/utils/cmsis/sam3x/source/templates/exceptions.o
 .debug_macro   0x0001a2b0      0x4cb src/ASF/sam/utils/cmsis/sam3x/source/templates/gcc/startup_sam3x.o
 .debug_macro   0x0001a77b      0x4cb src/ASF/sam/utils/cmsis/sam3x/source/templates/system_sam3x.o
 .debug_macro   0x0001ac46      0x129 src/ASF/sam/utils/syscalls/gcc/syscalls.o
 .debug_macro   0x0001ad6f       0x52 src/ASF/sam/utils/syscalls/gcc/syscalls.o
 .debug_macro   0x0001adc1       0x16 src/ASF/sam/utils/syscalls/gcc/syscalls.o
 .debug_macro   0x0001add7       0x10 src/ASF/sam/utils/syscalls/gcc/syscalls.o
 .debug_macro   0x0001ade7       0x41 src/ASF/sam/utils/syscalls/gcc/syscalls.o
 .debug_macro   0x0001ae28      0x120 src/ASF/sam/utils/syscalls/gcc/syscalls.o
 .debug_macro   0x0001af48      0x712 src/main.o

.debug_line     0x00000000    0x15983
 .debug_line    0x00000000      0xd1b src/ASF/common/services/serial/usart_serial.o
 .debug_line    0x00000d1b      0xad9 src/ASF/common/utils/stdio/read.o
 .debug_line    0x000017f4      0xacf src/ASF/common/utils/stdio/write.o
 .debug_line    0x000022c3      0xe5e src/ASF/sam/drivers/adc/adc.o
 .debug_line    0x00003121      0xc43 src/ASF/sam/drivers/dacc/dacc.o
 .debug_line    0x00003d64      0xc7a src/ASF/sam/drivers/tc/tc.o
 .debug_line    0x000049de      0xc8f src/ASF/sam/drivers/uart/uart.o
 .debug_line    0x0000566d     0x11a9 src/ASF/sam/drivers/usart/usart.o
 .debug_line    0x00006816      0x46b src/ASF/thirdparty/freertos/freertos-7.3.0/source/list.o
 .debug_line    0x00006c81      0xdb7 src/ASF/thirdparty/freertos/freertos-7.3.0/source/portable/gcc/arm_cm3/port.o
 .debug_line    0x00007a38      0xa2c src/ASF/thirdparty/freertos/freertos-7.3.0/source/tasks.o
 .debug_line    0x00008464     0x11b7 src/ASF/thirdparty/wireless/addons/sio2host/uart/sio2host.o
 .debug_line    0x0000961b     0x1013 src/adcFunctions.o
 .debug_line    0x0000a62e     0x10b3 src/consoleFunctions.o
 .debug_line    0x0000b6e1      0xfca src/DAC.o
 .debug_line    0x0000c6ab      0xff7 src/delayFunctions.o
 .debug_line    0x0000d6a2      0xc48 src/ASF/common/services/clock/sam3x/sysclk.o
 .debug_line    0x0000e2ea      0xaf4 src/ASF/common/utils/interrupt/interrupt_sam_nvic.o
 .debug_line    0x0000edde      0xcdf src/ASF/sam/boards/arduino_due_x/init.o
 .debug_line    0x0000fabd      0xe42 src/ASF/sam/drivers/pio/pio.o
 .debug_line    0x000108ff      0xb8d src/ASF/sam/drivers/pio/pio_handler.o
 .debug_line    0x0001148c     0x1047 src/ASF/sam/drivers/pmc/pmc.o
 .debug_line    0x000124d3      0xab5 src/ASF/sam/utils/cmsis/sam3x/source/templates/exceptions.o
 .debug_line    0x00012f88      0xb05 src/ASF/sam/utils/cmsis/sam3x/source/templates/gcc/startup_sam3x.o
 .debug_line    0x00013a8d      0xb22 src/ASF/sam/utils/cmsis/sam3x/source/templates/system_sam3x.o
 .debug_line    0x000145af      0x39b src/ASF/sam/utils/syscalls/gcc/syscalls.o
 .debug_line    0x0001494a     0x1039 src/main.o

.debug_str      0x00000000    0x6997c
 .debug_str     0x00000000    0x5dd71 src/ASF/common/services/serial/usart_serial.o
                              0x5e0c2 (size before relaxing)
 .debug_str     0x0005dd71       0x3f src/ASF/common/utils/stdio/read.o
                              0x5a04e (size before relaxing)
 .debug_str     0x0005ddb0       0x2e src/ASF/common/utils/stdio/write.o
                              0x5a050 (size before relaxing)
 .debug_str     0x0005ddde      0xa72 src/ASF/sam/drivers/adc/adc.o
                              0x5ab17 (size before relaxing)
 .debug_str     0x0005e850      0x3c9 src/ASF/sam/drivers/dacc/dacc.o
                              0x5a4ac (size before relaxing)
 .debug_str     0x0005ec19      0x3a8 src/ASF/sam/drivers/tc/tc.o
                              0x5a3f6 (size before relaxing)
 .debug_str     0x0005efc1      0x22b src/ASF/sam/drivers/uart/uart.o
                              0x5a414 (size before relaxing)
 .debug_str     0x0005f1ec      0xa27 src/ASF/sam/drivers/usart/usart.o
                              0x5acc5 (size before relaxing)
 .debug_str     0x0005fc13     0x1bba src/ASF/thirdparty/freertos/freertos-7.3.0/source/list.o
                               0x61b9 (size before relaxing)
 .debug_str     0x000617cd      0x91b src/ASF/thirdparty/freertos/freertos-7.3.0/source/portable/gcc/arm_cm3/port.o
                              0x5feec (size before relaxing)
 .debug_str     0x000620e8     0x2418 src/ASF/thirdparty/freertos/freertos-7.3.0/source/tasks.o
                               0x93a9 (size before relaxing)
 .debug_str     0x00064500     0x283e src/ASF/thirdparty/wireless/addons/sio2host/uart/sio2host.o
                              0x62e78 (size before relaxing)
 .debug_str     0x00066d3e      0xe69 src/adcFunctions.o
                              0x635be (size before relaxing)
 .debug_str     0x00067ba7       0x90 src/consoleFunctions.o
                              0x6283a (size before relaxing)
 .debug_str     0x00067c37       0x24 src/DAC.o
                              0x624a2 (size before relaxing)
 .debug_str     0x00067c5b       0x34 src/delayFunctions.o
                              0x62480 (size before relaxing)
 .debug_str     0x00067c8f      0x23a src/ASF/common/services/clock/sam3x/sysclk.o
                              0x5debd (size before relaxing)